The target system is: Generic -  - arm
The host system is: Linux - 6.8.0-106-generic - x86_64
Compiling the C compiler identification source file "CMakeCCompilerId.c" succeeded.
Compiler: /usr/local/bin/arm-none-eabi-gcc 
Build flags: ;-mcpu=cortex-m3;;-Wall;-fdata-sections;-ffunction-sections;-mcpu=cortex-m3;;-Wall;-fdata-sections;-ffunction-sections
Id flags: -c 

The output was:
0


Compilation of the C compiler identification source "CMakeCCompilerId.c" produced "CMakeCCompilerId.o"

The C compiler identification is GNU, found in "/workspaces/Pressure_Sensor_Processing/build/Debug/CMakeFiles/3.25.2/CompilerIdC/CMakeCCompilerId.o"

Compiling the CXX compiler identification source file "CMakeCXXCompilerId.cpp" succeeded.
Compiler: /usr/local/bin/arm-none-eabi-g++ 
Build flags: ;-mcpu=cortex-m3;;-Wall;-fdata-sections;-ffunction-sections;-mcpu=cortex-m3;;-Wall;-fdata-sections;-ffunction-sections;-fno-rtti;-fno-exceptions;-fno-threadsafe-statics
Id flags: -c 

The output was:
0


Compilation of the CXX compiler identification source "CMakeCXXCompilerId.cpp" produced "CMakeCXXCompilerId.o"

The CXX compiler identification is GNU, found in "/workspaces/Pressure_Sensor_Processing/build/Debug/CMakeFiles/3.25.2/CompilerIdCXX/CMakeCXXCompilerId.o"

Detecting C compiler ABI info compiled with the following output:
Change Dir: /workspaces/Pressure_Sensor_Processing/build/Debug/CMakeFiles/CMakeScratch/TryCompile-AKFCID

Run Build Command(s):/usr/bin/gmake -f Makefile cmTC_a8b91/fast && /usr/bin/gmake  -f CMakeFiles/cmTC_a8b91.dir/build.make CMakeFiles/cmTC_a8b91.dir/build
gmake[1]: Entering directory '/workspaces/Pressure_Sensor_Processing/build/Debug/CMakeFiles/CMakeScratch/TryCompile-AKFCID'
Building C object CMakeFiles/cmTC_a8b91.dir/CMakeCCompilerABI.c.obj
/usr/local/bin/arm-none-eabi-gcc   -mcpu=cortex-m3  -Wall -fdata-sections -ffunction-sections -mcpu=cortex-m3  -Wall -fdata-sections -ffunction-sections    -v -std=gnu11 -o CMakeFiles/cmTC_a8b91.dir/CMakeCCompilerABI.c.obj -c /usr/local/share/cmake-3.25/Modules/CMakeCCompilerABI.c
Using built-in specs.
COLLECT_GCC=/usr/local/bin/arm-none-eabi-gcc
Target: arm-none-eabi
Configured with: /__w/arm-none-eabi-gcc-xpack/arm-none-eabi-gcc-xpack/build-assets/build/linux-x64/sources/gcc/configure --prefix=/__w/arm-none-eabi-gcc-xpack/arm-none-eabi-gcc-xpack/build-assets/build/linux-x64/application --with-sysroot=/__w/arm-none-eabi-gcc-xpack/arm-none-eabi-gcc-xpack/build-assets/build/linux-x64/application/arm-none-eabi --with-native-system-header-dir=/include --infodir=/__w/arm-none-eabi-gcc-xpack/arm-none-eabi-gcc-xpack/build-assets/build/linux-x64/x86_64-pc-linux-gnu/install/share/info --mandir=/__w/arm-none-eabi-gcc-xpack/arm-none-eabi-gcc-xpack/build-assets/build/linux-x64/x86_64-pc-linux-gnu/install/share/man --htmldir=/__w/arm-none-eabi-gcc-xpack/arm-none-eabi-gcc-xpack/build-assets/build/linux-x64/x86_64-pc-linux-gnu/install/share/html --pdfdir=/__w/arm-none-eabi-gcc-xpack/arm-none-eabi-gcc-xpack/build-assets/build/linux-x64/x86_64-pc-linux-gnu/install/share/pdf --build=x86_64-pc-linux-gnu --host=x86_64-pc-linux-gnu --target=arm-none-eabi --disable-nls --disable-shared --disable-threads --disable-tls --enable-checking=release --enable-languages=c,c++,fortran --with-gmp=/__w/arm-none-eabi-gcc-xpack/arm-none-eabi-gcc-xpack/build-assets/build/linux-x64/x86_64-pc-linux-gnu/install --with-newlib --with-pkgversion='xPack GNU Arm Embedded GCC x86_64' --with-gnu-as --with-gnu-ld --with-system-zlib --with-headers=yes --enable-multilib --with-multilib-list=aprofile,rmprofile
Thread model: single
Supported LTO compression algorithms: zlib zstd
gcc version 14.2.1 20241119 (xPack GNU Arm Embedded GCC x86_64) 
COLLECT_GCC_OPTIONS='-mcpu=cortex-m3' '-Wall' '-fdata-sections' '-ffunction-sections' '-v' '-std=gnu11' '-o' 'CMakeFiles/cmTC_a8b91.dir/CMakeCCompilerABI.c.obj' '-c' '-mfloat-abi=soft' '-mthumb' '-mlibarch=armv7-m' '-march=armv7-m' '-dumpdir' 'CMakeFiles/cmTC_a8b91.dir/'
 /opt/xpack-arm-none-eabi-gcc-14.2.1-1.1/bin/../libexec/gcc/arm-none-eabi/14.2.1/cc1 -quiet -v -imultilib thumb/v7-m/nofp -iprefix /opt/xpack-arm-none-eabi-gcc-14.2.1-1.1/bin/../lib/gcc/arm-none-eabi/14.2.1/ -isysroot /opt/xpack-arm-none-eabi-gcc-14.2.1-1.1/bin/../arm-none-eabi -D__USES_INITFINI__ /usr/local/share/cmake-3.25/Modules/CMakeCCompilerABI.c -quiet -dumpdir CMakeFiles/cmTC_a8b91.dir/ -dumpbase CMakeCCompilerABI.c.c -dumpbase-ext .c -mcpu=cortex-m3 -mfloat-abi=soft -mthumb -mlibarch=armv7-m -march=armv7-m -Wall -std=gnu11 -version -fdata-sections -ffunction-sections -o /tmp/ccQ9ExFr.s
GNU C11 (xPack GNU Arm Embedded GCC x86_64) version 14.2.1 20241119 (arm-none-eabi)
	compiled by GNU C version 13.2.0, GMP version 6.2.1, MPFR version 3.1.6, MPC version 1.0.3, isl version isl-0.15-GMP

GGC heuristics: --param ggc-min-expand=100 --param ggc-min-heapsize=131072
ignoring duplicate directory "/opt/xpack-arm-none-eabi-gcc-14.2.1-1.1/bin/../lib/gcc/../../lib/gcc/arm-none-eabi/14.2.1/include"
ignoring nonexistent directory "/opt/xpack-arm-none-eabi-gcc-14.2.1-1.1/bin/../arm-none-eabi/usr/local/include"
ignoring duplicate directory "/opt/xpack-arm-none-eabi-gcc-14.2.1-1.1/bin/../lib/gcc/../../lib/gcc/arm-none-eabi/14.2.1/include-fixed"
ignoring duplicate directory "/opt/xpack-arm-none-eabi-gcc-14.2.1-1.1/bin/../lib/gcc/../../lib/gcc/arm-none-eabi/14.2.1/../../../../arm-none-eabi/include"
ignoring duplicate directory "/opt/xpack-arm-none-eabi-gcc-14.2.1-1.1/bin/../arm-none-eabi/include"
#include "..." search starts here:
#include <...> search starts here:
 /opt/xpack-arm-none-eabi-gcc-14.2.1-1.1/bin/../lib/gcc/arm-none-eabi/14.2.1/include
 /opt/xpack-arm-none-eabi-gcc-14.2.1-1.1/bin/../lib/gcc/arm-none-eabi/14.2.1/include-fixed
 /opt/xpack-arm-none-eabi-gcc-14.2.1-1.1/bin/../lib/gcc/arm-none-eabi/14.2.1/../../../../arm-none-eabi/include
End of search list.
Compiler executable checksum: cbfaf50aae68f52bd08fc0a210be36c2
COLLECT_GCC_OPTIONS='-mcpu=cortex-m3' '-Wall' '-fdata-sections' '-ffunction-sections' '-v' '-std=gnu11' '-o' 'CMakeFiles/cmTC_a8b91.dir/CMakeCCompilerABI.c.obj' '-c' '-mfloat-abi=soft' '-mthumb' '-mlibarch=armv7-m' '-march=armv7-m' '-dumpdir' 'CMakeFiles/cmTC_a8b91.dir/'
 /opt/xpack-arm-none-eabi-gcc-14.2.1-1.1/bin/../lib/gcc/arm-none-eabi/14.2.1/../../../../arm-none-eabi/bin/as -v -march=armv7-m -mfloat-abi=soft -meabi=5 -o CMakeFiles/cmTC_a8b91.dir/CMakeCCompilerABI.c.obj /tmp/ccQ9ExFr.s
GNU assembler version 2.43.1 (arm-none-eabi) using BFD version (xPack GNU Arm Embedded GCC x86_64) 2.43.1.20241119
COMPILER_PATH=/opt/xpack-arm-none-eabi-gcc-14.2.1-1.1/bin/../libexec/gcc/arm-none-eabi/14.2.1/:/opt/xpack-arm-none-eabi-gcc-14.2.1-1.1/bin/../libexec/gcc/:/opt/xpack-arm-none-eabi-gcc-14.2.1-1.1/bin/../lib/gcc/arm-none-eabi/14.2.1/../../../../arm-none-eabi/bin/
LIBRARY_PATH=/opt/xpack-arm-none-eabi-gcc-14.2.1-1.1/bin/../lib/gcc/arm-none-eabi/14.2.1/thumb/v7-m/nofp/:/opt/xpack-arm-none-eabi-gcc-14.2.1-1.1/bin/../lib/gcc/arm-none-eabi/14.2.1/../../../../arm-none-eabi/lib/thumb/v7-m/nofp/:/opt/xpack-arm-none-eabi-gcc-14.2.1-1.1/bin/../arm-none-eabi/lib/thumb/v7-m/nofp/:/opt/xpack-arm-none-eabi-gcc-14.2.1-1.1/bin/../lib/gcc/arm-none-eabi/14.2.1/:/opt/xpack-arm-none-eabi-gcc-14.2.1-1.1/bin/../lib/gcc/:/opt/xpack-arm-none-eabi-gcc-14.2.1-1.1/bin/../lib/gcc/arm-none-eabi/14.2.1/../../../../arm-none-eabi/lib/:/opt/xpack-arm-none-eabi-gcc-14.2.1-1.1/bin/../arm-none-eabi/lib/
COLLECT_GCC_OPTIONS='-mcpu=cortex-m3' '-Wall' '-fdata-sections' '-ffunction-sections' '-v' '-std=gnu11' '-o' 'CMakeFiles/cmTC_a8b91.dir/CMakeCCompilerABI.c.obj' '-c' '-mfloat-abi=soft' '-mthumb' '-mlibarch=armv7-m' '-march=armv7-m' '-dumpdir' 'CMakeFiles/cmTC_a8b91.dir/CMakeCCompilerABI.c.'
Linking C static library libcmTC_a8b91.a
/usr/local/bin/cmake -P CMakeFiles/cmTC_a8b91.dir/cmake_clean_target.cmake
/usr/local/bin/cmake -E cmake_link_script CMakeFiles/cmTC_a8b91.dir/link.txt --verbose=1
/usr/local/bin/arm-none-eabi-ar qc libcmTC_a8b91.a CMakeFiles/cmTC_a8b91.dir/CMakeCCompilerABI.c.obj
/usr/local/bin/arm-none-eabi-ranlib libcmTC_a8b91.a
gmake[1]: Leaving directory '/workspaces/Pressure_Sensor_Processing/build/Debug/CMakeFiles/CMakeScratch/TryCompile-AKFCID'



Parsed C implicit include dir info from above output: rv=done
  found start of include info
  found start of implicit include info
    add: [/opt/xpack-arm-none-eabi-gcc-14.2.1-1.1/bin/../lib/gcc/arm-none-eabi/14.2.1/include]
    add: [/opt/xpack-arm-none-eabi-gcc-14.2.1-1.1/bin/../lib/gcc/arm-none-eabi/14.2.1/include-fixed]
    add: [/opt/xpack-arm-none-eabi-gcc-14.2.1-1.1/bin/../lib/gcc/arm-none-eabi/14.2.1/../../../../arm-none-eabi/include]
  end of search list found
  collapse include dir [/opt/xpack-arm-none-eabi-gcc-14.2.1-1.1/bin/../lib/gcc/arm-none-eabi/14.2.1/include] ==> [/opt/xpack-arm-none-eabi-gcc-14.2.1-1.1/lib/gcc/arm-none-eabi/14.2.1/include]
  collapse include dir [/opt/xpack-arm-none-eabi-gcc-14.2.1-1.1/bin/../lib/gcc/arm-none-eabi/14.2.1/include-fixed] ==> [/opt/xpack-arm-none-eabi-gcc-14.2.1-1.1/lib/gcc/arm-none-eabi/14.2.1/include-fixed]
  collapse include dir [/opt/xpack-arm-none-eabi-gcc-14.2.1-1.1/bin/../lib/gcc/arm-none-eabi/14.2.1/../../../../arm-none-eabi/include] ==> [/opt/xpack-arm-none-eabi-gcc-14.2.1-1.1/arm-none-eabi/include]
  implicit include dirs: [/opt/xpack-arm-none-eabi-gcc-14.2.1-1.1/lib/gcc/arm-none-eabi/14.2.1/include;/opt/xpack-arm-none-eabi-gcc-14.2.1-1.1/lib/gcc/arm-none-eabi/14.2.1/include-fixed;/opt/xpack-arm-none-eabi-gcc-14.2.1-1.1/arm-none-eabi/include]


Parsed C implicit link information from above output:
  link line regex: [^( *|.*[/\])(arm-none-eabi-g\+\+|CMAKE_LINK_STARTFILE-NOTFOUND|([^/\]+-)?ld|collect2)[^/\]*( |$)]
  ignore line: [Change Dir: /workspaces/Pressure_Sensor_Processing/build/Debug/CMakeFiles/CMakeScratch/TryCompile-AKFCID]
  ignore line: []
  ignore line: [Run Build Command(s):/usr/bin/gmake -f Makefile cmTC_a8b91/fast && /usr/bin/gmake  -f CMakeFiles/cmTC_a8b91.dir/build.make CMakeFiles/cmTC_a8b91.dir/build]
  ignore line: [gmake[1]: Entering directory '/workspaces/Pressure_Sensor_Processing/build/Debug/CMakeFiles/CMakeScratch/TryCompile-AKFCID']
  ignore line: [Building C object CMakeFiles/cmTC_a8b91.dir/CMakeCCompilerABI.c.obj]
  ignore line: [/usr/local/bin/arm-none-eabi-gcc   -mcpu=cortex-m3  -Wall -fdata-sections -ffunction-sections -mcpu=cortex-m3  -Wall -fdata-sections -ffunction-sections    -v -std=gnu11 -o CMakeFiles/cmTC_a8b91.dir/CMakeCCompilerABI.c.obj -c /usr/local/share/cmake-3.25/Modules/CMakeCCompilerABI.c]
  ignore line: [Using built-in specs.]
  ignore line: [COLLECT_GCC=/usr/local/bin/arm-none-eabi-gcc]
  ignore line: [Target: arm-none-eabi]
  ignore line: [Configured with: /__w/arm-none-eabi-gcc-xpack/arm-none-eabi-gcc-xpack/build-assets/build/linux-x64/sources/gcc/configure --prefix=/__w/arm-none-eabi-gcc-xpack/arm-none-eabi-gcc-xpack/build-assets/build/linux-x64/application --with-sysroot=/__w/arm-none-eabi-gcc-xpack/arm-none-eabi-gcc-xpack/build-assets/build/linux-x64/application/arm-none-eabi --with-native-system-header-dir=/include --infodir=/__w/arm-none-eabi-gcc-xpack/arm-none-eabi-gcc-xpack/build-assets/build/linux-x64/x86_64-pc-linux-gnu/install/share/info --mandir=/__w/arm-none-eabi-gcc-xpack/arm-none-eabi-gcc-xpack/build-assets/build/linux-x64/x86_64-pc-linux-gnu/install/share/man --htmldir=/__w/arm-none-eabi-gcc-xpack/arm-none-eabi-gcc-xpack/build-assets/build/linux-x64/x86_64-pc-linux-gnu/install/share/html --pdfdir=/__w/arm-none-eabi-gcc-xpack/arm-none-eabi-gcc-xpack/build-assets/build/linux-x64/x86_64-pc-linux-gnu/install/share/pdf --build=x86_64-pc-linux-gnu --host=x86_64-pc-linux-gnu --target=arm-none-eabi --disable-nls --disable-shared --disable-threads --disable-tls --enable-checking=release --enable-languages=c,c++,fortran --with-gmp=/__w/arm-none-eabi-gcc-xpack/arm-none-eabi-gcc-xpack/build-assets/build/linux-x64/x86_64-pc-linux-gnu/install --with-newlib --with-pkgversion='xPack GNU Arm Embedded GCC x86_64' --with-gnu-as --with-gnu-ld --with-system-zlib --with-headers=yes --enable-multilib --with-multilib-list=aprofile,rmprofile]
  ignore line: [Thread model: single]
  ignore line: [Supported LTO compression algorithms: zlib zstd]
  ignore line: [gcc version 14.2.1 20241119 (xPack GNU Arm Embedded GCC x86_64) ]
  ignore line: [COLLECT_GCC_OPTIONS='-mcpu=cortex-m3' '-Wall' '-fdata-sections' '-ffunction-sections' '-v' '-std=gnu11' '-o' 'CMakeFiles/cmTC_a8b91.dir/CMakeCCompilerABI.c.obj' '-c' '-mfloat-abi=soft' '-mthumb' '-mlibarch=armv7-m' '-march=armv7-m' '-dumpdir' 'CMakeFiles/cmTC_a8b91.dir/']
  ignore line: [ /opt/xpack-arm-none-eabi-gcc-14.2.1-1.1/bin/../libexec/gcc/arm-none-eabi/14.2.1/cc1 -quiet -v -imultilib thumb/v7-m/nofp -iprefix /opt/xpack-arm-none-eabi-gcc-14.2.1-1.1/bin/../lib/gcc/arm-none-eabi/14.2.1/ -isysroot /opt/xpack-arm-none-eabi-gcc-14.2.1-1.1/bin/../arm-none-eabi -D__USES_INITFINI__ /usr/local/share/cmake-3.25/Modules/CMakeCCompilerABI.c -quiet -dumpdir CMakeFiles/cmTC_a8b91.dir/ -dumpbase CMakeCCompilerABI.c.c -dumpbase-ext .c -mcpu=cortex-m3 -mfloat-abi=soft -mthumb -mlibarch=armv7-m -march=armv7-m -Wall -std=gnu11 -version -fdata-sections -ffunction-sections -o /tmp/ccQ9ExFr.s]
  ignore line: [GNU C11 (xPack GNU Arm Embedded GCC x86_64) version 14.2.1 20241119 (arm-none-eabi)]
  ignore line: [	compiled by GNU C version 13.2.0  GMP version 6.2.1  MPFR version 3.1.6  MPC version 1.0.3  isl version isl-0.15-GMP]
  ignore line: []
  ignore line: [GGC heuristics: --param ggc-min-expand=100 --param ggc-min-heapsize=131072]
  ignore line: [ignoring duplicate directory "/opt/xpack-arm-none-eabi-gcc-14.2.1-1.1/bin/../lib/gcc/../../lib/gcc/arm-none-eabi/14.2.1/include"]
  ignore line: [ignoring nonexistent directory "/opt/xpack-arm-none-eabi-gcc-14.2.1-1.1/bin/../arm-none-eabi/usr/local/include"]
  ignore line: [ignoring duplicate directory "/opt/xpack-arm-none-eabi-gcc-14.2.1-1.1/bin/../lib/gcc/../../lib/gcc/arm-none-eabi/14.2.1/include-fixed"]
  ignore line: [ignoring duplicate directory "/opt/xpack-arm-none-eabi-gcc-14.2.1-1.1/bin/../lib/gcc/../../lib/gcc/arm-none-eabi/14.2.1/../../../../arm-none-eabi/include"]
  ignore line: [ignoring duplicate directory "/opt/xpack-arm-none-eabi-gcc-14.2.1-1.1/bin/../arm-none-eabi/include"]
  ignore line: [#include "..." search starts here:]
  ignore line: [#include <...> search starts here:]
  ignore line: [ /opt/xpack-arm-none-eabi-gcc-14.2.1-1.1/bin/../lib/gcc/arm-none-eabi/14.2.1/include]
  ignore line: [ /opt/xpack-arm-none-eabi-gcc-14.2.1-1.1/bin/../lib/gcc/arm-none-eabi/14.2.1/include-fixed]
  ignore line: [ /opt/xpack-arm-none-eabi-gcc-14.2.1-1.1/bin/../lib/gcc/arm-none-eabi/14.2.1/../../../../arm-none-eabi/include]
  ignore line: [End of search list.]
  ignore line: [Compiler executable checksum: cbfaf50aae68f52bd08fc0a210be36c2]
  ignore line: [COLLECT_GCC_OPTIONS='-mcpu=cortex-m3' '-Wall' '-fdata-sections' '-ffunction-sections' '-v' '-std=gnu11' '-o' 'CMakeFiles/cmTC_a8b91.dir/CMakeCCompilerABI.c.obj' '-c' '-mfloat-abi=soft' '-mthumb' '-mlibarch=armv7-m' '-march=armv7-m' '-dumpdir' 'CMakeFiles/cmTC_a8b91.dir/']
  ignore line: [ /opt/xpack-arm-none-eabi-gcc-14.2.1-1.1/bin/../lib/gcc/arm-none-eabi/14.2.1/../../../../arm-none-eabi/bin/as -v -march=armv7-m -mfloat-abi=soft -meabi=5 -o CMakeFiles/cmTC_a8b91.dir/CMakeCCompilerABI.c.obj /tmp/ccQ9ExFr.s]
  ignore line: [GNU assembler version 2.43.1 (arm-none-eabi) using BFD version (xPack GNU Arm Embedded GCC x86_64) 2.43.1.20241119]
  ignore line: [COMPILER_PATH=/opt/xpack-arm-none-eabi-gcc-14.2.1-1.1/bin/../libexec/gcc/arm-none-eabi/14.2.1/:/opt/xpack-arm-none-eabi-gcc-14.2.1-1.1/bin/../libexec/gcc/:/opt/xpack-arm-none-eabi-gcc-14.2.1-1.1/bin/../lib/gcc/arm-none-eabi/14.2.1/../../../../arm-none-eabi/bin/]
  ignore line: [LIBRARY_PATH=/opt/xpack-arm-none-eabi-gcc-14.2.1-1.1/bin/../lib/gcc/arm-none-eabi/14.2.1/thumb/v7-m/nofp/:/opt/xpack-arm-none-eabi-gcc-14.2.1-1.1/bin/../lib/gcc/arm-none-eabi/14.2.1/../../../../arm-none-eabi/lib/thumb/v7-m/nofp/:/opt/xpack-arm-none-eabi-gcc-14.2.1-1.1/bin/../arm-none-eabi/lib/thumb/v7-m/nofp/:/opt/xpack-arm-none-eabi-gcc-14.2.1-1.1/bin/../lib/gcc/arm-none-eabi/14.2.1/:/opt/xpack-arm-none-eabi-gcc-14.2.1-1.1/bin/../lib/gcc/:/opt/xpack-arm-none-eabi-gcc-14.2.1-1.1/bin/../lib/gcc/arm-none-eabi/14.2.1/../../../../arm-none-eabi/lib/:/opt/xpack-arm-none-eabi-gcc-14.2.1-1.1/bin/../arm-none-eabi/lib/]
  ignore line: [COLLECT_GCC_OPTIONS='-mcpu=cortex-m3' '-Wall' '-fdata-sections' '-ffunction-sections' '-v' '-std=gnu11' '-o' 'CMakeFiles/cmTC_a8b91.dir/CMakeCCompilerABI.c.obj' '-c' '-mfloat-abi=soft' '-mthumb' '-mlibarch=armv7-m' '-march=armv7-m' '-dumpdir' 'CMakeFiles/cmTC_a8b91.dir/CMakeCCompilerABI.c.']
  ignore line: [Linking C static library libcmTC_a8b91.a]
  ignore line: [/usr/local/bin/cmake -P CMakeFiles/cmTC_a8b91.dir/cmake_clean_target.cmake]
  ignore line: [/usr/local/bin/cmake -E cmake_link_script CMakeFiles/cmTC_a8b91.dir/link.txt --verbose=1]
  ignore line: [/usr/local/bin/arm-none-eabi-ar qc libcmTC_a8b91.a CMakeFiles/cmTC_a8b91.dir/CMakeCCompilerABI.c.obj]
  ignore line: [/usr/local/bin/arm-none-eabi-ranlib libcmTC_a8b91.a]
  ignore line: [gmake[1]: Leaving directory '/workspaces/Pressure_Sensor_Processing/build/Debug/CMakeFiles/CMakeScratch/TryCompile-AKFCID']
  ignore line: []
  ignore line: []
  implicit libs: []
  implicit objs: []
  implicit dirs: []
  implicit fwks: []


Detecting CXX compiler ABI info compiled with the following output:
Change Dir: /workspaces/Pressure_Sensor_Processing/build/Debug/CMakeFiles/CMakeScratch/TryCompile-qTw9u7

Run Build Command(s):/usr/bin/gmake -f Makefile cmTC_924b4/fast && /usr/bin/gmake  -f CMakeFiles/cmTC_924b4.dir/build.make CMakeFiles/cmTC_924b4.dir/build
gmake[1]: Entering directory '/workspaces/Pressure_Sensor_Processing/build/Debug/CMakeFiles/CMakeScratch/TryCompile-qTw9u7'
Building CXX object CMakeFiles/cmTC_924b4.dir/CMakeCXXCompilerABI.cpp.obj
/usr/local/bin/arm-none-eabi-g++   -mcpu=cortex-m3  -Wall -fdata-sections -ffunction-sections -mcpu=cortex-m3  -Wall -fdata-sections -ffunction-sections -fno-rtti -fno-exceptions -fno-threadsafe-statics    -v -o CMakeFiles/cmTC_924b4.dir/CMakeCXXCompilerABI.cpp.obj -c /usr/local/share/cmake-3.25/Modules/CMakeCXXCompilerABI.cpp
Using built-in specs.
COLLECT_GCC=/usr/local/bin/arm-none-eabi-g++
Target: arm-none-eabi
Configured with: /__w/arm-none-eabi-gcc-xpack/arm-none-eabi-gcc-xpack/build-assets/build/linux-x64/sources/gcc/configure --prefix=/__w/arm-none-eabi-gcc-xpack/arm-none-eabi-gcc-xpack/build-assets/build/linux-x64/application --with-sysroot=/__w/arm-none-eabi-gcc-xpack/arm-none-eabi-gcc-xpack/build-assets/build/linux-x64/application/arm-none-eabi --with-native-system-header-dir=/include --infodir=/__w/arm-none-eabi-gcc-xpack/arm-none-eabi-gcc-xpack/build-assets/build/linux-x64/x86_64-pc-linux-gnu/install/share/info --mandir=/__w/arm-none-eabi-gcc-xpack/arm-none-eabi-gcc-xpack/build-assets/build/linux-x64/x86_64-pc-linux-gnu/install/share/man --htmldir=/__w/arm-none-eabi-gcc-xpack/arm-none-eabi-gcc-xpack/build-assets/build/linux-x64/x86_64-pc-linux-gnu/install/share/html --pdfdir=/__w/arm-none-eabi-gcc-xpack/arm-none-eabi-gcc-xpack/build-assets/build/linux-x64/x86_64-pc-linux-gnu/install/share/pdf --build=x86_64-pc-linux-gnu --host=x86_64-pc-linux-gnu --target=arm-none-eabi --disable-nls --disable-shared --disable-threads --disable-tls --enable-checking=release --enable-languages=c,c++,fortran --with-gmp=/__w/arm-none-eabi-gcc-xpack/arm-none-eabi-gcc-xpack/build-assets/build/linux-x64/x86_64-pc-linux-gnu/install --with-newlib --with-pkgversion='xPack GNU Arm Embedded GCC x86_64' --with-gnu-as --with-gnu-ld --with-system-zlib --with-headers=yes --enable-multilib --with-multilib-list=aprofile,rmprofile
Thread model: single
Supported LTO compression algorithms: zlib zstd
gcc version 14.2.1 20241119 (xPack GNU Arm Embedded GCC x86_64) 
COLLECT_GCC_OPTIONS='-mcpu=cortex-m3' '-Wall' '-fdata-sections' '-ffunction-sections' '-fno-rtti' '-fno-exceptions' '-fno-threadsafe-statics' '-v' '-o' 'CMakeFiles/cmTC_924b4.dir/CMakeCXXCompilerABI.cpp.obj' '-c' '-mfloat-abi=soft' '-mthumb' '-mlibarch=armv7-m' '-march=armv7-m' '-dumpdir' 'CMakeFiles/cmTC_924b4.dir/'
 /opt/xpack-arm-none-eabi-gcc-14.2.1-1.1/bin/../libexec/gcc/arm-none-eabi/14.2.1/cc1plus -quiet -v -imultilib thumb/v7-m/nofp -iprefix /opt/xpack-arm-none-eabi-gcc-14.2.1-1.1/bin/../lib/gcc/arm-none-eabi/14.2.1/ -isysroot /opt/xpack-arm-none-eabi-gcc-14.2.1-1.1/bin/../arm-none-eabi -D__USES_INITFINI__ /usr/local/share/cmake-3.25/Modules/CMakeCXXCompilerABI.cpp -quiet -dumpdir CMakeFiles/cmTC_924b4.dir/ -dumpbase CMakeCXXCompilerABI.cpp.cpp -dumpbase-ext .cpp -mcpu=cortex-m3 -mfloat-abi=soft -mthumb -mlibarch=armv7-m -march=armv7-m -Wall -version -fdata-sections -ffunction-sections -fno-rtti -fno-exceptions -fno-threadsafe-statics -o /tmp/ccJ1eRsY.s
GNU C++17 (xPack GNU Arm Embedded GCC x86_64) version 14.2.1 20241119 (arm-none-eabi)
	compiled by GNU C version 13.2.0, GMP version 6.2.1, MPFR version 3.1.6, MPC version 1.0.3, isl version isl-0.15-GMP

GGC heuristics: --param ggc-min-expand=100 --param ggc-min-heapsize=131072
ignoring duplicate directory "/opt/xpack-arm-none-eabi-gcc-14.2.1-1.1/bin/../lib/gcc/../../lib/gcc/arm-none-eabi/14.2.1/../../../../arm-none-eabi/include/c++/14.2.1"
ignoring duplicate directory "/opt/xpack-arm-none-eabi-gcc-14.2.1-1.1/bin/../lib/gcc/../../lib/gcc/arm-none-eabi/14.2.1/../../../../arm-none-eabi/include/c++/14.2.1/arm-none-eabi/thumb/v7-m/nofp"
ignoring duplicate directory "/opt/xpack-arm-none-eabi-gcc-14.2.1-1.1/bin/../lib/gcc/../../lib/gcc/arm-none-eabi/14.2.1/../../../../arm-none-eabi/include/c++/14.2.1/backward"
ignoring duplicate directory "/opt/xpack-arm-none-eabi-gcc-14.2.1-1.1/bin/../lib/gcc/../../lib/gcc/arm-none-eabi/14.2.1/include"
ignoring nonexistent directory "/opt/xpack-arm-none-eabi-gcc-14.2.1-1.1/bin/../arm-none-eabi/usr/local/include"
ignoring duplicate directory "/opt/xpack-arm-none-eabi-gcc-14.2.1-1.1/bin/../lib/gcc/../../lib/gcc/arm-none-eabi/14.2.1/include-fixed"
ignoring duplicate directory "/opt/xpack-arm-none-eabi-gcc-14.2.1-1.1/bin/../lib/gcc/../../lib/gcc/arm-none-eabi/14.2.1/../../../../arm-none-eabi/include"
ignoring duplicate directory "/opt/xpack-arm-none-eabi-gcc-14.2.1-1.1/bin/../arm-none-eabi/include"
#include "..." search starts here:
#include <...> search starts here:
 /opt/xpack-arm-none-eabi-gcc-14.2.1-1.1/bin/../lib/gcc/arm-none-eabi/14.2.1/../../../../arm-none-eabi/include/c++/14.2.1
 /opt/xpack-arm-none-eabi-gcc-14.2.1-1.1/bin/../lib/gcc/arm-none-eabi/14.2.1/../../../../arm-none-eabi/include/c++/14.2.1/arm-none-eabi/thumb/v7-m/nofp
 /opt/xpack-arm-none-eabi-gcc-14.2.1-1.1/bin/../lib/gcc/arm-none-eabi/14.2.1/../../../../arm-none-eabi/include/c++/14.2.1/backward
 /opt/xpack-arm-none-eabi-gcc-14.2.1-1.1/bin/../lib/gcc/arm-none-eabi/14.2.1/include
 /opt/xpack-arm-none-eabi-gcc-14.2.1-1.1/bin/../lib/gcc/arm-none-eabi/14.2.1/include-fixed
 /opt/xpack-arm-none-eabi-gcc-14.2.1-1.1/bin/../lib/gcc/arm-none-eabi/14.2.1/../../../../arm-none-eabi/include
End of search list.
Compiler executable checksum: 50c94105808d783ea34c718059c0c0b6
COLLECT_GCC_OPTIONS='-mcpu=cortex-m3' '-Wall' '-fdata-sections' '-ffunction-sections' '-fno-rtti' '-fno-exceptions' '-fno-threadsafe-statics' '-v' '-o' 'CMakeFiles/cmTC_924b4.dir/CMakeCXXCompilerABI.cpp.obj' '-c' '-mfloat-abi=soft' '-mthumb' '-mlibarch=armv7-m' '-march=armv7-m' '-dumpdir' 'CMakeFiles/cmTC_924b4.dir/'
 /opt/xpack-arm-none-eabi-gcc-14.2.1-1.1/bin/../lib/gcc/arm-none-eabi/14.2.1/../../../../arm-none-eabi/bin/as -v -march=armv7-m -mfloat-abi=soft -meabi=5 -o CMakeFiles/cmTC_924b4.dir/CMakeCXXCompilerABI.cpp.obj /tmp/ccJ1eRsY.s
GNU assembler version 2.43.1 (arm-none-eabi) using BFD version (xPack GNU Arm Embedded GCC x86_64) 2.43.1.20241119
COMPILER_PATH=/opt/xpack-arm-none-eabi-gcc-14.2.1-1.1/bin/../libexec/gcc/arm-none-eabi/14.2.1/:/opt/xpack-arm-none-eabi-gcc-14.2.1-1.1/bin/../libexec/gcc/:/opt/xpack-arm-none-eabi-gcc-14.2.1-1.1/bin/../lib/gcc/arm-none-eabi/14.2.1/../../../../arm-none-eabi/bin/
LIBRARY_PATH=/opt/xpack-arm-none-eabi-gcc-14.2.1-1.1/bin/../lib/gcc/arm-none-eabi/14.2.1/thumb/v7-m/nofp/:/opt/xpack-arm-none-eabi-gcc-14.2.1-1.1/bin/../lib/gcc/arm-none-eabi/14.2.1/../../../../arm-none-eabi/lib/thumb/v7-m/nofp/:/opt/xpack-arm-none-eabi-gcc-14.2.1-1.1/bin/../arm-none-eabi/lib/thumb/v7-m/nofp/:/opt/xpack-arm-none-eabi-gcc-14.2.1-1.1/bin/../lib/gcc/arm-none-eabi/14.2.1/:/opt/xpack-arm-none-eabi-gcc-14.2.1-1.1/bin/../lib/gcc/:/opt/xpack-arm-none-eabi-gcc-14.2.1-1.1/bin/../lib/gcc/arm-none-eabi/14.2.1/../../../../arm-none-eabi/lib/:/opt/xpack-arm-none-eabi-gcc-14.2.1-1.1/bin/../arm-none-eabi/lib/
COLLECT_GCC_OPTIONS='-mcpu=cortex-m3' '-Wall' '-fdata-sections' '-ffunction-sections' '-fno-rtti' '-fno-exceptions' '-fno-threadsafe-statics' '-v' '-o' 'CMakeFiles/cmTC_924b4.dir/CMakeCXXCompilerABI.cpp.obj' '-c' '-mfloat-abi=soft' '-mthumb' '-mlibarch=armv7-m' '-march=armv7-m' '-dumpdir' 'CMakeFiles/cmTC_924b4.dir/CMakeCXXCompilerABI.cpp.'
Linking CXX static library libcmTC_924b4.a
/usr/local/bin/cmake -P CMakeFiles/cmTC_924b4.dir/cmake_clean_target.cmake
/usr/local/bin/cmake -E cmake_link_script CMakeFiles/cmTC_924b4.dir/link.txt --verbose=1
/usr/local/bin/arm-none-eabi-ar qc libcmTC_924b4.a CMakeFiles/cmTC_924b4.dir/CMakeCXXCompilerABI.cpp.obj
/usr/local/bin/arm-none-eabi-ranlib libcmTC_924b4.a
gmake[1]: Leaving directory '/workspaces/Pressure_Sensor_Processing/build/Debug/CMakeFiles/CMakeScratch/TryCompile-qTw9u7'



Parsed CXX implicit include dir info from above output: rv=done
  found start of include info
  found start of implicit include info
    add: [/opt/xpack-arm-none-eabi-gcc-14.2.1-1.1/bin/../lib/gcc/arm-none-eabi/14.2.1/../../../../arm-none-eabi/include/c++/14.2.1]
    add: [/opt/xpack-arm-none-eabi-gcc-14.2.1-1.1/bin/../lib/gcc/arm-none-eabi/14.2.1/../../../../arm-none-eabi/include/c++/14.2.1/arm-none-eabi/thumb/v7-m/nofp]
    add: [/opt/xpack-arm-none-eabi-gcc-14.2.1-1.1/bin/../lib/gcc/arm-none-eabi/14.2.1/../../../../arm-none-eabi/include/c++/14.2.1/backward]
    add: [/opt/xpack-arm-none-eabi-gcc-14.2.1-1.1/bin/../lib/gcc/arm-none-eabi/14.2.1/include]
    add: [/opt/xpack-arm-none-eabi-gcc-14.2.1-1.1/bin/../lib/gcc/arm-none-eabi/14.2.1/include-fixed]
    add: [/opt/xpack-arm-none-eabi-gcc-14.2.1-1.1/bin/../lib/gcc/arm-none-eabi/14.2.1/../../../../arm-none-eabi/include]
  end of search list found
  collapse include dir [/opt/xpack-arm-none-eabi-gcc-14.2.1-1.1/bin/../lib/gcc/arm-none-eabi/14.2.1/../../../../arm-none-eabi/include/c++/14.2.1] ==> [/opt/xpack-arm-none-eabi-gcc-14.2.1-1.1/arm-none-eabi/include/c++/14.2.1]
  collapse include dir [/opt/xpack-arm-none-eabi-gcc-14.2.1-1.1/bin/../lib/gcc/arm-none-eabi/14.2.1/../../../../arm-none-eabi/include/c++/14.2.1/arm-none-eabi/thumb/v7-m/nofp] ==> [/opt/xpack-arm-none-eabi-gcc-14.2.1-1.1/arm-none-eabi/include/c++/14.2.1/arm-none-eabi/thumb/v7-m/nofp]
  collapse include dir [/opt/xpack-arm-none-eabi-gcc-14.2.1-1.1/bin/../lib/gcc/arm-none-eabi/14.2.1/../../../../arm-none-eabi/include/c++/14.2.1/backward] ==> [/opt/xpack-arm-none-eabi-gcc-14.2.1-1.1/arm-none-eabi/include/c++/14.2.1/backward]
  collapse include dir [/opt/xpack-arm-none-eabi-gcc-14.2.1-1.1/bin/../lib/gcc/arm-none-eabi/14.2.1/include] ==> [/opt/xpack-arm-none-eabi-gcc-14.2.1-1.1/lib/gcc/arm-none-eabi/14.2.1/include]
  collapse include dir [/opt/xpack-arm-none-eabi-gcc-14.2.1-1.1/bin/../lib/gcc/arm-none-eabi/14.2.1/include-fixed] ==> [/opt/xpack-arm-none-eabi-gcc-14.2.1-1.1/lib/gcc/arm-none-eabi/14.2.1/include-fixed]
  collapse include dir [/opt/xpack-arm-none-eabi-gcc-14.2.1-1.1/bin/../lib/gcc/arm-none-eabi/14.2.1/../../../../arm-none-eabi/include] ==> [/opt/xpack-arm-none-eabi-gcc-14.2.1-1.1/arm-none-eabi/include]
  implicit include dirs: [/opt/xpack-arm-none-eabi-gcc-14.2.1-1.1/arm-none-eabi/include/c++/14.2.1;/opt/xpack-arm-none-eabi-gcc-14.2.1-1.1/arm-none-eabi/include/c++/14.2.1/arm-none-eabi/thumb/v7-m/nofp;/opt/xpack-arm-none-eabi-gcc-14.2.1-1.1/arm-none-eabi/include/c++/14.2.1/backward;/opt/xpack-arm-none-eabi-gcc-14.2.1-1.1/lib/gcc/arm-none-eabi/14.2.1/include;/opt/xpack-arm-none-eabi-gcc-14.2.1-1.1/lib/gcc/arm-none-eabi/14.2.1/include-fixed;/opt/xpack-arm-none-eabi-gcc-14.2.1-1.1/arm-none-eabi/include]


Parsed CXX implicit link information from above output:
  link line regex: [^( *|.*[/\])(arm-none-eabi-g\+\+|CMAKE_LINK_STARTFILE-NOTFOUND|([^/\]+-)?ld|collect2)[^/\]*( |$)]
  ignore line: [Change Dir: /workspaces/Pressure_Sensor_Processing/build/Debug/CMakeFiles/CMakeScratch/TryCompile-qTw9u7]
  ignore line: []
  ignore line: [Run Build Command(s):/usr/bin/gmake -f Makefile cmTC_924b4/fast && /usr/bin/gmake  -f CMakeFiles/cmTC_924b4.dir/build.make CMakeFiles/cmTC_924b4.dir/build]
  ignore line: [gmake[1]: Entering directory '/workspaces/Pressure_Sensor_Processing/build/Debug/CMakeFiles/CMakeScratch/TryCompile-qTw9u7']
  ignore line: [Building CXX object CMakeFiles/cmTC_924b4.dir/CMakeCXXCompilerABI.cpp.obj]
  link line: [/usr/local/bin/arm-none-eabi-g++   -mcpu=cortex-m3  -Wall -fdata-sections -ffunction-sections -mcpu=cortex-m3  -Wall -fdata-sections -ffunction-sections -fno-rtti -fno-exceptions -fno-threadsafe-statics    -v -o CMakeFiles/cmTC_924b4.dir/CMakeCXXCompilerABI.cpp.obj -c /usr/local/share/cmake-3.25/Modules/CMakeCXXCompilerABI.cpp]
    arg [/usr/local/bin/arm-none-eabi-g++] ==> ignore
    arg [-mcpu=cortex-m3] ==> ignore
    arg [-Wall] ==> ignore
    arg [-fdata-sections] ==> ignore
    arg [-ffunction-sections] ==> ignore
    arg [-mcpu=cortex-m3] ==> ignore
    arg [-Wall] ==> ignore
    arg [-fdata-sections] ==> ignore
    arg [-ffunction-sections] ==> ignore
    arg [-fno-rtti] ==> ignore
    arg [-fno-exceptions] ==> ignore
    arg [-fno-threadsafe-statics] ==> ignore
    arg [-v] ==> ignore
    arg [-o] ==> ignore
    arg [CMakeFiles/cmTC_924b4.dir/CMakeCXXCompilerABI.cpp.obj] ==> ignore
    arg [-c] ==> ignore
    arg [/usr/local/share/cmake-3.25/Modules/CMakeCXXCompilerABI.cpp] ==> ignore
  implicit libs: []
  implicit objs: []
  implicit dirs: []
  implicit fwks: []


Checking whether the ASM compiler is GNU using "--version" matched "(GNU assembler)|(GCC)|(Free Software Foundation)":
arm-none-eabi-gcc (xPack GNU Arm Embedded GCC x86_64) 14.2.1 20241119
Copyright (C) 2024 Free Software Foundation, Inc.
This is free software; see the source for copying conditions.  There is NO
warranty; not even for MERCHANTABILITY or FITNESS FOR A PARTICULAR PURPOSE.

