Archive member included to satisfy reference by file (symbol)

/opt/xpack-arm-none-eabi-gcc-14.2.1-1.1/bin/../lib/gcc/arm-none-eabi/14.2.1/../../../../arm-none-eabi/lib/thumb/v7-m/nofp/libg_nano.a(libc_a-atexit.o)
                              /opt/xpack-arm-none-eabi-gcc-14.2.1-1.1/bin/../lib/gcc/arm-none-eabi/14.2.1/../../../../arm-none-eabi/lib/thumb/v7-m/nofp/crt0.o (atexit)
/opt/xpack-arm-none-eabi-gcc-14.2.1-1.1/bin/../lib/gcc/arm-none-eabi/14.2.1/../../../../arm-none-eabi/lib/thumb/v7-m/nofp/libg_nano.a(libc_a-exit.o)
                              /opt/xpack-arm-none-eabi-gcc-14.2.1-1.1/bin/../lib/gcc/arm-none-eabi/14.2.1/../../../../arm-none-eabi/lib/thumb/v7-m/nofp/crt0.o (exit)
/opt/xpack-arm-none-eabi-gcc-14.2.1-1.1/bin/../lib/gcc/arm-none-eabi/14.2.1/../../../../arm-none-eabi/lib/thumb/v7-m/nofp/libg_nano.a(libc_a-findfp.o)
                              /opt/xpack-arm-none-eabi-gcc-14.2.1-1.1/bin/../lib/gcc/arm-none-eabi/14.2.1/../../../../arm-none-eabi/lib/thumb/v7-m/nofp/libg_nano.a(libc_a-exit.o) (__stdio_exit_handler)
/opt/xpack-arm-none-eabi-gcc-14.2.1-1.1/bin/../lib/gcc/arm-none-eabi/14.2.1/../../../../arm-none-eabi/lib/thumb/v7-m/nofp/libg_nano.a(libc_a-fwalk.o)
                              /opt/xpack-arm-none-eabi-gcc-14.2.1-1.1/bin/../lib/gcc/arm-none-eabi/14.2.1/../../../../arm-none-eabi/lib/thumb/v7-m/nofp/libg_nano.a(libc_a-findfp.o) (_fwalk_sglue)
/opt/xpack-arm-none-eabi-gcc-14.2.1-1.1/bin/../lib/gcc/arm-none-eabi/14.2.1/../../../../arm-none-eabi/lib/thumb/v7-m/nofp/libg_nano.a(libc_a-stdio.o)
                              /opt/xpack-arm-none-eabi-gcc-14.2.1-1.1/bin/../lib/gcc/arm-none-eabi/14.2.1/../../../../arm-none-eabi/lib/thumb/v7-m/nofp/libg_nano.a(libc_a-findfp.o) (__sread)
/opt/xpack-arm-none-eabi-gcc-14.2.1-1.1/bin/../lib/gcc/arm-none-eabi/14.2.1/../../../../arm-none-eabi/lib/thumb/v7-m/nofp/libg_nano.a(libc_a-memset.o)
                              /opt/xpack-arm-none-eabi-gcc-14.2.1-1.1/bin/../lib/gcc/arm-none-eabi/14.2.1/../../../../arm-none-eabi/lib/thumb/v7-m/nofp/crt0.o (memset)
/opt/xpack-arm-none-eabi-gcc-14.2.1-1.1/bin/../lib/gcc/arm-none-eabi/14.2.1/../../../../arm-none-eabi/lib/thumb/v7-m/nofp/libg_nano.a(libc_a-closer.o)
                              /opt/xpack-arm-none-eabi-gcc-14.2.1-1.1/bin/../lib/gcc/arm-none-eabi/14.2.1/../../../../arm-none-eabi/lib/thumb/v7-m/nofp/libg_nano.a(libc_a-stdio.o) (_close_r)
/opt/xpack-arm-none-eabi-gcc-14.2.1-1.1/bin/../lib/gcc/arm-none-eabi/14.2.1/../../../../arm-none-eabi/lib/thumb/v7-m/nofp/libg_nano.a(libc_a-reent.o)
                              /opt/xpack-arm-none-eabi-gcc-14.2.1-1.1/bin/../lib/gcc/arm-none-eabi/14.2.1/../../../../arm-none-eabi/lib/thumb/v7-m/nofp/libg_nano.a(libc_a-closer.o) (errno)
/opt/xpack-arm-none-eabi-gcc-14.2.1-1.1/bin/../lib/gcc/arm-none-eabi/14.2.1/../../../../arm-none-eabi/lib/thumb/v7-m/nofp/libg_nano.a(libc_a-impure.o)
                              /opt/xpack-arm-none-eabi-gcc-14.2.1-1.1/bin/../lib/gcc/arm-none-eabi/14.2.1/../../../../arm-none-eabi/lib/thumb/v7-m/nofp/libg_nano.a(libc_a-reent.o) (_impure_ptr)
/opt/xpack-arm-none-eabi-gcc-14.2.1-1.1/bin/../lib/gcc/arm-none-eabi/14.2.1/../../../../arm-none-eabi/lib/thumb/v7-m/nofp/libg_nano.a(libc_a-lseekr.o)
                              /opt/xpack-arm-none-eabi-gcc-14.2.1-1.1/bin/../lib/gcc/arm-none-eabi/14.2.1/../../../../arm-none-eabi/lib/thumb/v7-m/nofp/libg_nano.a(libc_a-stdio.o) (_lseek_r)
/opt/xpack-arm-none-eabi-gcc-14.2.1-1.1/bin/../lib/gcc/arm-none-eabi/14.2.1/../../../../arm-none-eabi/lib/thumb/v7-m/nofp/libg_nano.a(libc_a-readr.o)
                              /opt/xpack-arm-none-eabi-gcc-14.2.1-1.1/bin/../lib/gcc/arm-none-eabi/14.2.1/../../../../arm-none-eabi/lib/thumb/v7-m/nofp/libg_nano.a(libc_a-stdio.o) (_read_r)
/opt/xpack-arm-none-eabi-gcc-14.2.1-1.1/bin/../lib/gcc/arm-none-eabi/14.2.1/../../../../arm-none-eabi/lib/thumb/v7-m/nofp/libg_nano.a(libc_a-writer.o)
                              /opt/xpack-arm-none-eabi-gcc-14.2.1-1.1/bin/../lib/gcc/arm-none-eabi/14.2.1/../../../../arm-none-eabi/lib/thumb/v7-m/nofp/libg_nano.a(libc_a-stdio.o) (_write_r)
/opt/xpack-arm-none-eabi-gcc-14.2.1-1.1/bin/../lib/gcc/arm-none-eabi/14.2.1/../../../../arm-none-eabi/lib/thumb/v7-m/nofp/libg_nano.a(libc_a-init.o)
                              /opt/xpack-arm-none-eabi-gcc-14.2.1-1.1/bin/../lib/gcc/arm-none-eabi/14.2.1/../../../../arm-none-eabi/lib/thumb/v7-m/nofp/crt0.o (__libc_init_array)
/opt/xpack-arm-none-eabi-gcc-14.2.1-1.1/bin/../lib/gcc/arm-none-eabi/14.2.1/../../../../arm-none-eabi/lib/thumb/v7-m/nofp/libg_nano.a(libc_a-fini.o)
                              /opt/xpack-arm-none-eabi-gcc-14.2.1-1.1/bin/../lib/gcc/arm-none-eabi/14.2.1/../../../../arm-none-eabi/lib/thumb/v7-m/nofp/crt0.o (__libc_fini_array)
/opt/xpack-arm-none-eabi-gcc-14.2.1-1.1/bin/../lib/gcc/arm-none-eabi/14.2.1/../../../../arm-none-eabi/lib/thumb/v7-m/nofp/libg_nano.a(libc_a-lock.o)
[...]
Memory Configuration

Name             Origin             Length             Attributes
RAM              0x20000000         0x00005000         xrw
FLASH            0x08000000         0x00010000         xr
*default*        0x00000000         0xffffffff

Linker script and memory map

LOAD /opt/xpack-arm-none-eabi-gcc-14.2.1-1.1/bin/../lib/gcc/arm-none-eabi/14.2.1/thumb/v7-m/nofp/crti.o
LOAD /opt/xpack-arm-none-eabi-gcc-14.2.1-1.1/bin/../lib/gcc/arm-none-eabi/14.2.1/thumb/v7-m/nofp/crtbegin.o
LOAD /opt/xpack-arm-none-eabi-gcc-14.2.1-1.1/bin/../lib/gcc/arm-none-eabi/14.2.1/../../../../arm-none-eabi/lib/thumb/v7-m/nofp/crt0.o
LOAD CMakeFiles/Pressure_Sensor_SAUVC.dir/Core/Src/main.cpp.obj
LOAD cmake/stm32cubemx/CMakeFiles/STM32_Drivers.dir/__/__/Core/Src/system_stm32f1xx.c.obj
LOAD cmake/stm32cubemx/CMakeFiles/STM32_Drivers.dir/__/__/Drivers/STM32F1xx_HAL_Driver/Src/stm32f1xx_hal_gpio_ex.c.obj
LOAD cmake/stm32cubemx/CMakeFiles/STM32_Drivers.dir/__/__/Drivers/STM32F1xx_HAL_Driver/Src/stm32f1xx_hal_adc.c.obj
LOAD cmake/stm32cubemx/CMakeFiles/STM32_Drivers.dir/__/__/Drivers/STM32F1xx_HAL_Driver/Src/stm32f1xx_hal_adc_ex.c.obj
LOAD cmake/stm32cubemx/CMakeFiles/STM32_Drivers.dir/__/__/Drivers/STM32F1xx_HAL_Driver/Src/stm32f1xx_hal.c.obj
LOAD cmake/stm32cubemx/CMakeFiles/STM32_Drivers.dir/__/__/Drivers/STM32F1xx_HAL_Driver/Src/stm32f1xx_hal_rcc.c.obj
LOAD cmake/stm32cubemx/CMakeFiles/STM32_Drivers.dir/__/__/Drivers/STM32F1xx_HAL_Driver/Src/stm32f1xx_hal_rcc_ex.c.obj
LOAD cmake/stm32cubemx/CMakeFiles/STM32_Drivers.dir/__/__/Drivers/STM32F1xx_HAL_Driver/Src/stm32f1xx_hal_gpio.c.obj
LOAD cmake/stm32cubemx/CMakeFiles/STM32_Drivers.dir/__/__/Drivers/STM32F1xx_HAL_Driver/Src/stm32f1xx_hal_dma.c.obj
LOAD cmake/stm32cubemx/CMakeFiles/STM32_Drivers.dir/__/__/Drivers/STM32F1xx_HAL_Driver/Src/stm32f1xx_hal_cortex.c.obj
LOAD cmake/stm32cubemx/CMakeFiles/STM32_Drivers.dir/__/__/Drivers/STM32F1xx_HAL_Driver/Src/stm32f1xx_hal_pwr.c.obj
LOAD cmake/stm32cubemx/CMakeFiles/STM32_Drivers.dir/__/__/Drivers/STM32F1xx_HAL_Driver/Src/stm32f1xx_hal_flash.c.obj
LOAD cmake/stm32cubemx/CMakeFiles/STM32_Drivers.dir/__/__/Drivers/STM32F1xx_HAL_Driver/Src/stm32f1xx_hal_flash_ex.c.obj
LOAD cmake/stm32cubemx/CMakeFiles/STM32_Drivers.dir/__/__/Drivers/STM32F1xx_HAL_Driver/Src/stm32f1xx_hal_exti.c.obj
LOAD cmake/stm32cubemx/CMakeFiles/STM32_Drivers.dir/__/__/Drivers/STM32F1xx_HAL_Driver/Src/stm32f1xx_hal_tim.c.obj
LOAD cmake/stm32cubemx/CMakeFiles/STM32_Drivers.dir/__/__/Drivers/STM32F1xx_HAL_Driver/Src/stm32f1xx_hal_tim_ex.c.obj
LOAD cmake/stm32cubemx/CMakeFiles/STM32_Drivers.dir/__/__/Drivers/STM32F1xx_HAL_Driver/Src/stm32f1xx_hal_uart.c.obj
LOAD /opt/xpack-arm-none-eabi-gcc-14.2.1-1.1/bin/../lib/gcc/arm-none-eabi/14.2.1/../../../../arm-none-eabi/lib/thumb/v7-m/nofp/libstdc++_nano.a
LOAD /opt/xpack-arm-none-eabi-gcc-14.2.1-1.1/bin/../lib/gcc/arm-none-eabi/14.2.1/../../../../arm-none-eabi/lib/thumb/v7-m/nofp/libm.a
START GROUP
LOAD /opt/xpack-arm-none-eabi-gcc-14.2.1-1.1/bin/../lib/gcc/arm-none-eabi/14.2.1/thumb/v7-m/nofp/libgcc.a
LOAD /opt/xpack-arm-none-eabi-gcc-14.2.1-1.1/bin/../lib/gcc/arm-none-eabi/14.2.1/../../../../arm-none-eabi/lib/thumb/v7-m/nofp/libg_nano.a
LOAD /opt/xpack-arm-none-eabi-gcc-14.2.1-1.1/bin/../lib/gcc/arm-none-eabi/14.2.1/../../../../arm-none-eabi/lib/thumb/v7-m/nofp/libc_nano.a
END GROUP
START GROUP
LOAD /opt/xpack-arm-none-eabi-gcc-14.2.1-1.1/bin/../lib/gcc/arm-none-eabi/14.2.1/thumb/v7-m/nofp/libgcc.a
LOAD /opt/xpack-arm-none-eabi-gcc-14.2.1-1.1/bin/../lib/gcc/arm-none-eabi/14.2.1/../../../../arm-none-eabi/lib/thumb/v7-m/nofp/libc_nano.a
END GROUP
LOAD /opt/xpack-arm-none-eabi-gcc-14.2.1-1.1/bin/../lib/gcc/arm-none-eabi/14.2.1/thumb/v7-m/nofp/crtend.o
LOAD /opt/xpack-arm-none-eabi-gcc-14.2.1-1.1/bin/../lib/gcc/arm-none-eabi/14.2.1/thumb/v7-m/nofp/crtn.o
                0x20005000                        _estack = (ORIGIN (RAM) + LENGTH (RAM))
                0x00000200                        _Min_Heap_Size = 0x200
                0x00000400                        _Min_Stack_Size = 0x400

.isr_vector     0x08000000        0x0
                0x08000000                        . = ALIGN (0x4)
 *(.isr_vector)
                0x08000000                        . = ALIGN (0x4)

.text           0x08000000      0x140
                0x08000000                        . = ALIGN (0x4)
 *(.text)
 *(.text*)
 .text.__do_global_dtors_aux
                0x08000000       0x24 /opt/xpack-arm-none-eabi-gcc-14.2.1-1.1/bin/../lib/gcc/arm-none-eabi/14.2.1/thumb/v7-m/nofp/crtbegin.o
 .text.frame_dummy
                0x08000024       0x1c /opt/xpack-arm-none-eabi-gcc-14.2.1-1.1/bin/../lib/gcc/arm-none-eabi/14.2.1/thumb/v7-m/nofp/crtbegin.o
 .text._ZN8hydrolib10ring_queue9RingQueueILi255EEC2Ev
                0x08000040       0x32 CMakeFiles/Pressure_Sensor_SAUVC.dir/Core/Src/main.cpp.obj
                0x08000040                hydrolib::ring_queue::RingQueue<255>::RingQueue()
                0x08000040                hydrolib::ring_queue::RingQueue<255>::RingQueue()
 .text._ZN8hydrolib3bus8datalink6StreamIN5hydrv4UART4UARTILi128ELi128EPFvvEEENS_6logger6LoggerINS9_14LogDistributorIJS8_EEEEELi3EEC2ERNS1_13StreamManagerIS8_SD_Li3EEEh
                0x08000072       0x56 CMakeFiles/Pressure_Sensor_SAUVC.dir/Core/Src/main.cpp.obj
                0x08000072                hydrolib::bus::datalink::Stream<hydrv::UART::UART<128, 128, void (*)()>, hydrolib::logger::Logger<hydrolib::logger::LogDistributor<hydrv::UART::UART<128, 128, void (*)()> > >, 3>::Stream(hydrolib::bus::datalink::StreamManager<hydrv::UART::UART<128, 128, void (*)()>, hydrolib::logger::Logger<hydrolib::logger::LogDistributor<hydrv::UART::UART<128, 128, void (*)()> > >, 3>&, unsigned char)
                0x08000072                hydrolib::bus::datalink::Stream<hydrv::UART::UART<128, 128, void (*)()>, hydrolib::logger::Logger<hydrolib::logger::LogDistributor<hydrv::UART::UART<128, 128, void (*)()> > >, 3>::Stream(hydrolib::bus::datalink::StreamManager<hydrv::UART::UART<128, 128, void (*)()>, hydrolib::logger::Logger<hydrolib::logger::LogDistributor<hydrv::UART::UART<128, 128, void (*)()> > >, 3>&, unsigned char)
 .text._ZN8hydrolib8concepts4func9DummyFuncIvJEEET_DpT0_
                0x080000c8        0xc CMakeFiles/Pressure_Sensor_SAUVC.dir/Core/Src/main.cpp.obj
                0x080000c8                void hydrolib::concepts::func::DummyFunc<void>()
 .text._ZNSt5arrayIPN8hydrolib3bus8datalink6StreamIN5hydrv4UART4UARTILi128ELi128EPFvvEEENS0_6logger6LoggerINSA_14LogDistributorIJS9_EEEEELi3EEELj3EEixEj
                0x080000d4       0x1c CMakeFiles/Pressure_Sensor_SAUVC.dir/Core/Src/main.cpp.obj
                0x080000d4                std::array<hydrolib::bus::datalink::Stream<hydrv::UART::UART<128, 128, void (*)()>, hydrolib::logger::Logger<hydrolib::logger::LogDistributor<hydrv::UART::UART<128, 128, void (*)()> > >, 3>*, 3u>::operator[](unsigned int)
 .text._Z41__static_initialization_and_destruction_0v
                0x080000f0       0x1c CMakeFiles/Pressure_Sensor_SAUVC.dir/Core/Src/main.cpp.obj
 .text._GLOBAL__sub_I__gettimeofday
                0x0800010c        0xa CMakeFiles/Pressure_Sensor_SAUVC.dir/Core/Src/main.cpp.obj
 .text.memset   0x08000116       0x10 /opt/xpack-arm-none-eabi-gcc-14.2.1-1.1/bin/../lib/gcc/arm-none-eabi/14.2.1/../../../../arm-none-eabi/lib/thumb/v7-m/nofp/libg_nano.a(libc_a-memset.o)
                0x08000116                memset
 *(.glue_7)
 .glue_7        0x08000126        0x0 linker stubs
 *(.glue_7t)
 .glue_7t       0x08000126        0x0 linker stubs
 *(.eh_frame)
 *fill*         0x08000126        0x2 
 .eh_frame      0x08000128        0x0 /opt/xpack-arm-none-eabi-gcc-14.2.1-1.1/bin/../lib/gcc/arm-none-eabi/14.2.1/thumb/v7-m/nofp/crtbegin.o
 *(.init)
 .init          0x08000128        0x4 /opt/xpack-arm-none-eabi-gcc-14.2.1-1.1/bin/../lib/gcc/arm-none-eabi/14.2.1/thumb/v7-m/nofp/crti.o
                0x08000128                _init
 .init          0x0800012c        0x8 /opt/xpack-arm-none-eabi-gcc-14.2.1-1.1/bin/../lib/gcc/arm-none-eabi/14.2.1/thumb/v7-m/nofp/crtn.o
 *(.fini)
 .fini          0x08000134        0x4 /opt/xpack-arm-none-eabi-gcc-14.2.1-1.1/bin/../lib/gcc/arm-none-eabi/14.2.1/thumb/v7-m/nofp/crti.o
                0x08000134                _fini
 .fini          0x08000138        0x8 /opt/xpack-arm-none-eabi-gcc-14.2.1-1.1/bin/../lib/gcc/arm-none-eabi/14.2.1/thumb/v7-m/nofp/crtn.o
                0x08000140                        . = ALIGN (0x4)
                0x08000140                        _etext = .

.vfp11_veneer   0x08000140        0x0
 .vfp11_veneer  0x08000140        0x0 linker stubs

.v4_bx          0x08000140        0x0
 .v4_bx         0x08000140        0x0 linker stubs

.iplt           0x08000140        0x0
 .iplt          0x08000140        0x0 /opt/xpack-arm-none-eabi-gcc-14.2.1-1.1/bin/../lib/gcc/arm-none-eabi/14.2.1/thumb/v7-m/nofp/crtbegin.o

.rodata         0x08000140        0x0
                0x08000140                        . = ALIGN (0x4)
 *(.rodata)
 *(.rodata*)
                0x08000140                        . = ALIGN (0x4)

.ARM.extab      0x08000140        0x0
                0x08000140                        . = ALIGN (0x4)
 *(.ARM.extab* .gnu.linkonce.armextab.*)
                0x08000140                        . = ALIGN (0x4)

.ARM            0x08000140        0x0
                0x08000140                        . = ALIGN (0x4)
                0x08000140                        __exidx_start = .
 *(.ARM.exidx*)
                0x08000140                        __exidx_end = .
                0x08000140                        . = ALIGN (0x4)

.preinit_array  0x08000140        0x0
                0x08000140                        . = ALIGN (0x4)
                0x08000140                        PROVIDE (__preinit_array_start = .)
 *(.preinit_array*)
                0x08000140                        PROVIDE (__preinit_array_end = .)
                0x08000140                        . = ALIGN (0x4)

.init_array     0x08000140        0x8
                0x08000140                        . = ALIGN (0x4)
                0x08000140                        PROVIDE (__init_array_start = .)
 *(SORT_BY_NAME(.init_array.*))
 *(.init_array*)
 .init_array    0x08000140        0x4 /opt/xpack-arm-none-eabi-gcc-14.2.1-1.1/bin/../lib/gcc/arm-none-eabi/14.2.1/thumb/v7-m/nofp/crtbegin.o
 .init_array    0x08000144        0x4 CMakeFiles/Pressure_Sensor_SAUVC.dir/Core/Src/main.cpp.obj
                0x08000148                        PROVIDE (__init_array_end = .)
                0x08000148                        . = ALIGN (0x4)

.fini_array     0x08000148        0x4
                0x08000148                        . = ALIGN (0x4)
                0x08000148                        PROVIDE (__fini_array_start = .)
 *(SORT_BY_NAME(.fini_array.*))
 *(.fini_array*)
 .fini_array    0x08000148        0x4 /opt/xpack-arm-none-eabi-gcc-14.2.1-1.1/bin/../lib/gcc/arm-none-eabi/14.2.1/thumb/v7-m/nofp/crtbegin.o
                0x0800014c                        PROVIDE (__fini_array_end = .)
                0x0800014c                        . = ALIGN (0x4)
                0x0800014c                        _sidata = LOADADDR (.data)

.rel.dyn        0x0800014c        0x0
 .rel.iplt      0x0800014c        0x0 /opt/xpack-arm-none-eabi-gcc-14.2.1-1.1/bin/../lib/gcc/arm-none-eabi/14.2.1/thumb/v7-m/nofp/crtbegin.o

.data           0x20000000      0x68c load address 0x0800014c
                0x20000000                        . = ALIGN (0x4)
                0x20000000                        _sdata = .
 *(.data)
 *(.data*)
 .data.rx_pin1  0x20000000       0x20 CMakeFiles/Pressure_Sensor_SAUVC.dir/Core/Src/main.cpp.obj
                0x20000000                rx_pin1
 .data.tx_pin1  0x20000020       0x20 CMakeFiles/Pressure_Sensor_SAUVC.dir/Core/Src/main.cpp.obj
                0x20000020                tx_pin1
 .data.uart1    0x20000040      0x150 CMakeFiles/Pressure_Sensor_SAUVC.dir/Core/Src/main.cpp.obj
                0x20000040                uart1
 .data.rx_pin2  0x20000190       0x20 CMakeFiles/Pressure_Sensor_SAUVC.dir/Core/Src/main.cpp.obj
                0x20000190                rx_pin2
 .data.tx_pin2  0x200001b0       0x20 CMakeFiles/Pressure_Sensor_SAUVC.dir/Core/Src/main.cpp.obj
                0x200001b0                tx_pin2
 .data.uart2    0x200001d0      0x150 CMakeFiles/Pressure_Sensor_SAUVC.dir/Core/Src/main.cpp.obj
                0x200001d0                uart2
 .data.log_format
                0x20000320        0xf CMakeFiles/Pressure_Sensor_SAUVC.dir/Core/Src/main.cpp.obj
                0x20000320                log_format
 *fill*         0x2000032f        0x1 
 .data.distributor
                0x20000330       0xdc CMakeFiles/Pressure_Sensor_SAUVC.dir/Core/Src/main.cpp.obj
                0x20000330                distributor
 .data.logger   0x2000040c       0x40 CMakeFiles/Pressure_Sensor_SAUVC.dir/Core/Src/main.cpp.obj
                0x2000040c                logger
 .data.manager  0x2000044c      0x240 CMakeFiles/Pressure_Sensor_SAUVC.dir/Core/Src/main.cpp.obj
                0x2000044c                manager
 *(.RamFunc)
 *(.RamFunc*)
                0x2000068c                        . = ALIGN (0x4)

.igot.plt       0x2000068c        0x0 load address 0x080007d8
 .igot.plt      0x2000068c        0x0 /opt/xpack-arm-none-eabi-gcc-14.2.1-1.1/bin/../lib/gcc/arm-none-eabi/14.2.1/thumb/v7-m/nofp/crtbegin.o

.tdata          0x2000068c        0x0 load address 0x080007d8
 *(.tdata .tdata.* .gnu.linkonce.td.*)
                0x2000068c                        . = ALIGN (0x4)
                0x2000068c                        _edata = .
                [!provide]                        PROVIDE (__data_end = .)
                [!provide]                        PROVIDE (__tdata_end = .)
                [!provide]                        PROVIDE (__tdata_start = ADDR (.tdata))
                [!provide]                        PROVIDE (__tdata_size = (__tdata_end - __tdata_start))
                [!provide]                        PROVIDE (__data_start = ADDR (.data))
                [!provide]                        PROVIDE (__data_size = (__data_end - __data_start))
                [!provide]                        PROVIDE (__tdata_source = LOADADDR (.tdata))
                [!provide]                        PROVIDE (__tdata_source_end = (LOADADDR (.tdata) + SIZEOF (.tdata)))
                [!provide]                        PROVIDE (__tdata_source_size = (__tdata_source_end - __tdata_source))
                [!provide]                        PROVIDE (__data_source = LOADADDR (.data))
                [!provide]                        PROVIDE (__data_source_end = __tdata_source_end)
                [!provide]                        PROVIDE (__data_source_size = (__data_source_end - __data_source))

.tbss           0x2000068c        0x0 load address 0x080007d8
                0x2000068c                        _sbss = .
                0x2000068c                        __bss_start__ = _sbss
 *(.tbss .tbss.*)
                0x2000068c                        . = ALIGN (0x4)
                [!provide]                        PROVIDE (__tbss_end = .)
                [!provide]                        PROVIDE (__tbss_start = ADDR (.tbss))
                [!provide]                        PROVIDE (__tbss_size = (__tbss_end - __tbss_start))
                [!provide]                        PROVIDE (__tbss_offset = (ADDR (.tbss) - ADDR (.tdata)))
                [!provide]                        PROVIDE (__tls_base = __tdata_start)
                [!provide]                        PROVIDE (__tls_end = __tbss_end)
                [!provide]                        PROVIDE (__tls_size = (__tls_end - __tls_base))
                [!provide]                        PROVIDE (__tls_align = MAX (ALIGNOF (.tdata), ALIGNOF (.tbss)))
                [!provide]                        PROVIDE (__tls_size_align = (((__tls_size + __tls_align) - 0x1) & ~ ((__tls_align - 0x1))))
                [!provide]                        PROVIDE (__arm32_tls_tcb_offset = MAX (0x8, __tls_align))
                [!provide]                        PROVIDE (__arm64_tls_tcb_offset = MAX (0x10, __tls_align))

.bss            0x2000068c      0x13c load address 0x080007d8
 *(.bss)
 *(.bss*)
 .bss.completed.1
                0x2000068c        0x1 /opt/xpack-arm-none-eabi-gcc-14.2.1-1.1/bin/../lib/gcc/arm-none-eabi/14.2.1/thumb/v7-m/nofp/crtbegin.o
 *fill*         0x2000068d        0x3 
 .bss.object.0  0x20000690       0x18 /opt/xpack-arm-none-eabi-gcc-14.2.1-1.1/bin/../lib/gcc/arm-none-eabi/14.2.1/thumb/v7-m/nofp/crtbegin.o
 .bss._ZN5hydrv4GPIO7GPIOLow18GPIOA_inited_pins_E
                0x200006a8       0x10 CMakeFiles/Pressure_Sensor_SAUVC.dir/Core/Src/main.cpp.obj
                0x200006a8                hydrv::GPIO::GPIOLow::GPIOA_inited_pins_
 .bss.stream    0x200006b8      0x110 CMakeFiles/Pressure_Sensor_SAUVC.dir/Core/Src/main.cpp.obj
                0x200006b8                stream
 *(COMMON)
                0x200007c8                        . = ALIGN (0x4)
                0x200007c8                        _ebss = .
                0x200007c8                        __bss_end__ = _ebss
                [!provide]                        PROVIDE (__bss_end = .)
                [!provide]                        PROVIDE (__non_tls_bss_start = ADDR (.bss))
                [!provide]                        PROVIDE (__bss_start = __tbss_start)
                [!provide]                        PROVIDE (__bss_size = (__bss_end - __bss_start))

._user_heap_stack
                0x200007c8      0x600 load address 0x080007d8
                0x200007c8                        . = ALIGN (0x8)
                [!provide]                        PROVIDE (end = .)
                [!provide]                        PROVIDE (_end = .)
                0x200009c8                        . = (. + _Min_Heap_Size)
 *fill*         0x200007c8      0x200 
                0x20000dc8                        . = (. + _Min_Stack_Size)
 *fill*         0x200009c8      0x400 
                0x20000dc8                        . = ALIGN (0x8)

/DISCARD/
 libc.a:*(*)
 libm.a:*(*)
 libgcc.a:*(*)
OUTPUT(Pressure_Sensor_SAUVC.elf elf32-littlearm)
LOAD linker stubs

.ARM.attributes
                0x00000000       0x29
 .ARM.attributes
                0x00000000       0x1d /opt/xpack-arm-none-eabi-gcc-14.2.1-1.1/bin/../lib/gcc/arm-none-eabi/14.2.1/thumb/v7-m/nofp/crti.o
 .ARM.attributes
                0x0000001d       0x2d /opt/xpack-arm-none-eabi-gcc-14.2.1-1.1/bin/../lib/gcc/arm-none-eabi/14.2.1/thumb/v7-m/nofp/crtbegin.o
 .ARM.attributes
                0x0000004a       0x2d CMakeFiles/Pressure_Sensor_SAUVC.dir/Core/Src/main.cpp.obj
 .ARM.attributes
                0x00000077       0x2d /opt/xpack-arm-none-eabi-gcc-14.2.1-1.1/bin/../lib/gcc/arm-none-eabi/14.2.1/../../../../arm-none-eabi/lib/thumb/v7-m/nofp/libg_nano.a(libc_a-memset.o)
 .ARM.attributes
                0x000000a4       0x1d /opt/xpack-arm-none-eabi-gcc-14.2.1-1.1/bin/../lib/gcc/arm-none-eabi/14.2.1/thumb/v7-m/nofp/crtn.o

.comment        0x00000000       0x39
 .comment       0x00000000       0x39 /opt/xpack-arm-none-eabi-gcc-14.2.1-1.1/bin/../lib/gcc/arm-none-eabi/14.2.1/thumb/v7-m/nofp/crtbegin.o
                                 0x3a (size before relaxing)
 .comment       0x00000039       0x3a CMakeFiles/Pressure_Sensor_SAUVC.dir/Core/Src/main.cpp.obj
 .comment       0x00000039       0x3a /opt/xpack-arm-none-eabi-gcc-14.2.1-1.1/bin/../lib/gcc/arm-none-eabi/14.2.1/../../../../arm-none-eabi/lib/thumb/v7-m/nofp/libg_nano.a(libc_a-memset.o)

.debug_info     0x00000000     0xcf29
 .debug_info    0x00000000     0xcf29 CMakeFiles/Pressure_Sensor_SAUVC.dir/Core/Src/main.cpp.obj

.debug_abbrev   0x00000000      0xf45
 .debug_abbrev  0x00000000      0xf45 CMakeFiles/Pressure_Sensor_SAUVC.dir/Core/Src/main.cpp.obj

.debug_aranges  0x00000000      0x148
 .debug_aranges
                0x00000000      0x148 CMakeFiles/Pressure_Sensor_SAUVC.dir/Core/Src/main.cpp.obj

.debug_rnglists
                0x00000000       0xf8
 .debug_rnglists
                0x00000000       0xf8 CMakeFiles/Pressure_Sensor_SAUVC.dir/Core/Src/main.cpp.obj

.debug_macro    0x00000000    0x29ad6
 .debug_macro   0x00000000      0xf78 CMakeFiles/Pressure_Sensor_SAUVC.dir/Core/Src/main.cpp.obj
 .debug_macro   0x00000f78      0xc70 CMakeFiles/Pressure_Sensor_SAUVC.dir/Core/Src/main.cpp.obj
 .debug_macro   0x00001be8      0x227 CMakeFiles/Pressure_Sensor_SAUVC.dir/Core/Src/main.cpp.obj
 .debug_macro   0x00001e0f       0x2e CMakeFiles/Pressure_Sensor_SAUVC.dir/Core/Src/main.cpp.obj
 .debug_macro   0x00001e3d       0x22 CMakeFiles/Pressure_Sensor_SAUVC.dir/Core/Src/main.cpp.obj
 .debug_macro   0x00001e5f       0x1c CMakeFiles/Pressure_Sensor_SAUVC.dir/Core/Src/main.cpp.obj
 .debug_macro   0x00001e7b       0x22 CMakeFiles/Pressure_Sensor_SAUVC.dir/Core/Src/main.cpp.obj
 .debug_macro   0x00001e9d       0x8e CMakeFiles/Pressure_Sensor_SAUVC.dir/Core/Src/main.cpp.obj
 .debug_macro   0x00001f2b       0x51 CMakeFiles/Pressure_Sensor_SAUVC.dir/Core/Src/main.cpp.obj
 .debug_macro   0x00001f7c      0x103 CMakeFiles/Pressure_Sensor_SAUVC.dir/Core/Src/main.cpp.obj
 .debug_macro   0x0000207f       0x6a CMakeFiles/Pressure_Sensor_SAUVC.dir/Core/Src/main.cpp.obj
 .debug_macro   0x000020e9      0x1df CMakeFiles/Pressure_Sensor_SAUVC.dir/Core/Src/main.cpp.obj
 .debug_macro   0x000022c8       0x1c CMakeFiles/Pressure_Sensor_SAUVC.dir/Core/Src/main.cpp.obj
 .debug_macro   0x000022e4       0x22 CMakeFiles/Pressure_Sensor_SAUVC.dir/Core/Src/main.cpp.obj
 .debug_macro   0x00002306       0xbd CMakeFiles/Pressure_Sensor_SAUVC.dir/Core/Src/main.cpp.obj
 .debug_macro   0x000023c3      0xd23 CMakeFiles/Pressure_Sensor_SAUVC.dir/Core/Src/main.cpp.obj
 .debug_macro   0x000030e6     0xe09e CMakeFiles/Pressure_Sensor_SAUVC.dir/Core/Src/main.cpp.obj
 .debug_macro   0x00011184       0x6d CMakeFiles/Pressure_Sensor_SAUVC.dir/Core/Src/main.cpp.obj
 .debug_macro   0x000111f1     0x34a2 CMakeFiles/Pressure_Sensor_SAUVC.dir/Core/Src/main.cpp.obj
 .debug_macro   0x00014693      0x197 CMakeFiles/Pressure_Sensor_SAUVC.dir/Core/Src/main.cpp.obj
 .debug_macro   0x0001482a       0x5c CMakeFiles/Pressure_Sensor_SAUVC.dir/Core/Src/main.cpp.obj
 .debug_macro   0x00014886      0x5bc CMakeFiles/Pressure_Sensor_SAUVC.dir/Core/Src/main.cpp.obj
 .debug_macro   0x00014e42      0x289 CMakeFiles/Pressure_Sensor_SAUVC.dir/Core/Src/main.cpp.obj
 .debug_macro   0x000150cb      0x1cb CMakeFiles/Pressure_Sensor_SAUVC.dir/Core/Src/main.cpp.obj
 .debug_macro   0x00015296      0x114 CMakeFiles/Pressure_Sensor_SAUVC.dir/Core/Src/main.cpp.obj
 .debug_macro   0x000153aa      0x1b2 CMakeFiles/Pressure_Sensor_SAUVC.dir/Core/Src/main.cpp.obj
 .debug_macro   0x0001555c       0x27 CMakeFiles/Pressure_Sensor_SAUVC.dir/Core/Src/main.cpp.obj
 .debug_macro   0x00015583      0x136 CMakeFiles/Pressure_Sensor_SAUVC.dir/Core/Src/main.cpp.obj
 .debug_macro   0x000156b9      0x1bc CMakeFiles/Pressure_Sensor_SAUVC.dir/Core/Src/main.cpp.obj
 .debug_macro   0x00015875       0x34 CMakeFiles/Pressure_Sensor_SAUVC.dir/Core/Src/main.cpp.obj
 .debug_macro   0x000158a9       0x3c CMakeFiles/Pressure_Sensor_SAUVC.dir/Core/Src/main.cpp.obj
 .debug_macro   0x000158e5       0x57 CMakeFiles/Pressure_Sensor_SAUVC.dir/Core/Src/main.cpp.obj
 .debug_macro   0x0001593c      0x46a CMakeFiles/Pressure_Sensor_SAUVC.dir/Core/Src/main.cpp.obj
 .debug_macro   0x00015da6      0x1b5 CMakeFiles/Pressure_Sensor_SAUVC.dir/Core/Src/main.cpp.obj
 .debug_macro   0x00015f5b       0x87 CMakeFiles/Pressure_Sensor_SAUVC.dir/Core/Src/main.cpp.obj
 .debug_macro   0x00015fe2      0x240 CMakeFiles/Pressure_Sensor_SAUVC.dir/Core/Src/main.cpp.obj
 .debug_macro   0x00016222      0x140 CMakeFiles/Pressure_Sensor_SAUVC.dir/Core/Src/main.cpp.obj
 .debug_macro   0x00016362      0x8ed CMakeFiles/Pressure_Sensor_SAUVC.dir/Core/Src/main.cpp.obj
 .debug_macro   0x00016c4f      0x28e CMakeFiles/Pressure_Sensor_SAUVC.dir/Core/Src/main.cpp.obj
 .debug_macro   0x00016edd       0x83 CMakeFiles/Pressure_Sensor_SAUVC.dir/Core/Src/main.cpp.obj
 .debug_macro   0x00016f60       0x16 CMakeFiles/Pressure_Sensor_SAUVC.dir/Core/Src/main.cpp.obj
 .debug_macro   0x00016f76      0x1f2 CMakeFiles/Pressure_Sensor_SAUVC.dir/Core/Src/main.cpp.obj
 .debug_macro   0x00017168       0x10 CMakeFiles/Pressure_Sensor_SAUVC.dir/Core/Src/main.cpp.obj
 .debug_macro   0x00017178       0xcf CMakeFiles/Pressure_Sensor_SAUVC.dir/Core/Src/main.cpp.obj
 .debug_macro   0x00017247       0xed CMakeFiles/Pressure_Sensor_SAUVC.dir/Core/Src/main.cpp.obj
 .debug_macro   0x00017334      0x464 CMakeFiles/Pressure_Sensor_SAUVC.dir/Core/Src/main.cpp.obj
 .debug_macro   0x00017798       0x10 CMakeFiles/Pressure_Sensor_SAUVC.dir/Core/Src/main.cpp.obj
 .debug_macro   0x000177a8       0x24 CMakeFiles/Pressure_Sensor_SAUVC.dir/Core/Src/main.cpp.obj
 .debug_macro   0x000177cc       0x7b CMakeFiles/Pressure_Sensor_SAUVC.dir/Core/Src/main.cpp.obj
 .debug_macro   0x00017847       0x3c CMakeFiles/Pressure_Sensor_SAUVC.dir/Core/Src/main.cpp.obj
 .debug_macro   0x00017883       0x34 CMakeFiles/Pressure_Sensor_SAUVC.dir/Core/Src/main.cpp.obj
 .debug_macro   0x000178b7       0x16 CMakeFiles/Pressure_Sensor_SAUVC.dir/Core/Src/main.cpp.obj
 .debug_macro   0x000178cd       0x3c CMakeFiles/Pressure_Sensor_SAUVC.dir/Core/Src/main.cpp.obj
 .debug_macro   0x00017909      0x380 CMakeFiles/Pressure_Sensor_SAUVC.dir/Core/Src/main.cpp.obj
 .debug_macro   0x00017c89       0x16 CMakeFiles/Pressure_Sensor_SAUVC.dir/Core/Src/main.cpp.obj
 .debug_macro   0x00017c9f       0x4a CMakeFiles/Pressure_Sensor_SAUVC.dir/Core/Src/main.cpp.obj
 .debug_macro   0x00017ce9       0x34 CMakeFiles/Pressure_Sensor_SAUVC.dir/Core/Src/main.cpp.obj
 .debug_macro   0x00017d1d       0x10 CMakeFiles/Pressure_Sensor_SAUVC.dir/Core/Src/main.cpp.obj
 .debug_macro   0x00017d2d       0x58 CMakeFiles/Pressure_Sensor_SAUVC.dir/Core/Src/main.cpp.obj
 .debug_macro   0x00017d85      0x1e5 CMakeFiles/Pressure_Sensor_SAUVC.dir/Core/Src/main.cpp.obj
 .debug_macro   0x00017f6a       0x16 CMakeFiles/Pressure_Sensor_SAUVC.dir/Core/Src/main.cpp.obj
 .debug_macro   0x00017f80       0x29 CMakeFiles/Pressure_Sensor_SAUVC.dir/Core/Src/main.cpp.obj
 .debug_macro   0x00017fa9       0x1c CMakeFiles/Pressure_Sensor_SAUVC.dir/Core/Src/main.cpp.obj
 .debug_macro   0x00017fc5       0xde CMakeFiles/Pressure_Sensor_SAUVC.dir/Core/Src/main.cpp.obj
 .debug_macro   0x000180a3       0x16 CMakeFiles/Pressure_Sensor_SAUVC.dir/Core/Src/main.cpp.obj
 .debug_macro   0x000180b9       0x10 CMakeFiles/Pressure_Sensor_SAUVC.dir/Core/Src/main.cpp.obj
 .debug_macro   0x000180c9       0x1c CMakeFiles/Pressure_Sensor_SAUVC.dir/Core/Src/main.cpp.obj
 .debug_macro   0x000180e5       0x52 CMakeFiles/Pressure_Sensor_SAUVC.dir/Core/Src/main.cpp.obj
 .debug_macro   0x00018137       0x22 CMakeFiles/Pressure_Sensor_SAUVC.dir/Core/Src/main.cpp.obj
 .debug_macro   0x00018159       0x10 CMakeFiles/Pressure_Sensor_SAUVC.dir/Core/Src/main.cpp.obj
 .debug_macro   0x00018169       0x52 CMakeFiles/Pressure_Sensor_SAUVC.dir/Core/Src/main.cpp.obj
 .debug_macro   0x000181bb       0xcf CMakeFiles/Pressure_Sensor_SAUVC.dir/Core/Src/main.cpp.obj
 .debug_macro   0x0001828a       0x1c CMakeFiles/Pressure_Sensor_SAUVC.dir/Core/Src/main.cpp.obj
 .debug_macro   0x000182a6       0x3d CMakeFiles/Pressure_Sensor_SAUVC.dir/Core/Src/main.cpp.obj
 .debug_macro   0x000182e3      0x51a CMakeFiles/Pressure_Sensor_SAUVC.dir/Core/Src/main.cpp.obj
 .debug_macro   0x000187fd       0x94 CMakeFiles/Pressure_Sensor_SAUVC.dir/Core/Src/main.cpp.obj
 .debug_macro   0x00018891      0x923 CMakeFiles/Pressure_Sensor_SAUVC.dir/Core/Src/main.cpp.obj
 .debug_macro   0x000191b4      0x803 CMakeFiles/Pressure_Sensor_SAUVC.dir/Core/Src/main.cpp.obj
 .debug_macro   0x000199b7      0x158 CMakeFiles/Pressure_Sensor_SAUVC.dir/Core/Src/main.cpp.obj
 .debug_macro   0x00019b0f       0x16 CMakeFiles/Pressure_Sensor_SAUVC.dir/Core/Src/main.cpp.obj
 .debug_macro   0x00019b25       0x10 CMakeFiles/Pressure_Sensor_SAUVC.dir/Core/Src/main.cpp.obj
 .debug_macro   0x00019b35       0x10 CMakeFiles/Pressure_Sensor_SAUVC.dir/Core/Src/main.cpp.obj
 .debug_macro   0x00019b45       0x35 CMakeFiles/Pressure_Sensor_SAUVC.dir/Core/Src/main.cpp.obj
 .debug_macro   0x00019b7a       0x40 CMakeFiles/Pressure_Sensor_SAUVC.dir/Core/Src/main.cpp.obj
 .debug_macro   0x00019bba       0x18 CMakeFiles/Pressure_Sensor_SAUVC.dir/Core/Src/main.cpp.obj
 .debug_macro   0x00019bd2       0x49 CMakeFiles/Pressure_Sensor_SAUVC.dir/Core/Src/main.cpp.obj
 .debug_macro   0x00019c1b       0x10 CMakeFiles/Pressure_Sensor_SAUVC.dir/Core/Src/main.cpp.obj
 .debug_macro   0x00019c2b      0x80a CMakeFiles/Pressure_Sensor_SAUVC.dir/Core/Src/main.cpp.obj
 .debug_macro   0x0001a435       0x10 CMakeFiles/Pressure_Sensor_SAUVC.dir/Core/Src/main.cpp.obj
 .debug_macro   0x0001a445      0x803 CMakeFiles/Pressure_Sensor_SAUVC.dir/Core/Src/main.cpp.obj
 .debug_macro   0x0001ac48      0x7f5 CMakeFiles/Pressure_Sensor_SAUVC.dir/Core/Src/main.cpp.obj
 .debug_macro   0x0001b43d       0x12 CMakeFiles/Pressure_Sensor_SAUVC.dir/Core/Src/main.cpp.obj
 .debug_macro   0x0001b44f       0x28 CMakeFiles/Pressure_Sensor_SAUVC.dir/Core/Src/main.cpp.obj
 .debug_macro   0x0001b477      0x811 CMakeFiles/Pressure_Sensor_SAUVC.dir/Core/Src/main.cpp.obj
 .debug_macro   0x0001bc88       0x22 CMakeFiles/Pressure_Sensor_SAUVC.dir/Core/Src/main.cpp.obj
 .debug_macro   0x0001bcaa       0x43 CMakeFiles/Pressure_Sensor_SAUVC.dir/Core/Src/main.cpp.obj
 .debug_macro   0x0001bced       0x10 CMakeFiles/Pressure_Sensor_SAUVC.dir/Core/Src/main.cpp.obj
 .debug_macro   0x0001bcfd       0x3f CMakeFiles/Pressure_Sensor_SAUVC.dir/Core/Src/main.cpp.obj
 .debug_macro   0x0001bd3c      0x173 CMakeFiles/Pressure_Sensor_SAUVC.dir/Core/Src/main.cpp.obj
 .debug_macro   0x0001beaf      0x7df CMakeFiles/Pressure_Sensor_SAUVC.dir/Core/Src/main.cpp.obj
 .debug_macro   0x0001c68e       0x1c CMakeFiles/Pressure_Sensor_SAUVC.dir/Core/Src/main.cpp.obj
 .debug_macro   0x0001c6aa       0x10 CMakeFiles/Pressure_Sensor_SAUVC.dir/Core/Src/main.cpp.obj
 .debug_macro   0x0001c6ba      0x7d3 CMakeFiles/Pressure_Sensor_SAUVC.dir/Core/Src/main.cpp.obj
 .debug_macro   0x0001ce8d       0x1c CMakeFiles/Pressure_Sensor_SAUVC.dir/Core/Src/main.cpp.obj
 .debug_macro   0x0001cea9      0x7e8 CMakeFiles/Pressure_Sensor_SAUVC.dir/Core/Src/main.cpp.obj
 .debug_macro   0x0001d691       0x1f CMakeFiles/Pressure_Sensor_SAUVC.dir/Core/Src/main.cpp.obj
 .debug_macro   0x0001d6b0       0x11 CMakeFiles/Pressure_Sensor_SAUVC.dir/Core/Src/main.cpp.obj
 .debug_macro   0x0001d6c1       0x28 CMakeFiles/Pressure_Sensor_SAUVC.dir/Core/Src/main.cpp.obj
 .debug_macro   0x0001d6e9       0x2e CMakeFiles/Pressure_Sensor_SAUVC.dir/Core/Src/main.cpp.obj
 .debug_macro   0x0001d717       0x10 CMakeFiles/Pressure_Sensor_SAUVC.dir/Core/Src/main.cpp.obj
 .debug_macro   0x0001d727       0x5e CMakeFiles/Pressure_Sensor_SAUVC.dir/Core/Src/main.cpp.obj
 .debug_macro   0x0001d785       0x16 CMakeFiles/Pressure_Sensor_SAUVC.dir/Core/Src/main.cpp.obj
 .debug_macro   0x0001d79b       0x52 CMakeFiles/Pressure_Sensor_SAUVC.dir/Core/Src/main.cpp.obj
 .debug_macro   0x0001d7ed       0x5e CMakeFiles/Pressure_Sensor_SAUVC.dir/Core/Src/main.cpp.obj
 .debug_macro   0x0001d84b       0x11 CMakeFiles/Pressure_Sensor_SAUVC.dir/Core/Src/main.cpp.obj
 .debug_macro   0x0001d85c       0x2f CMakeFiles/Pressure_Sensor_SAUVC.dir/Core/Src/main.cpp.obj
 .debug_macro   0x0001d88b       0x16 CMakeFiles/Pressure_Sensor_SAUVC.dir/Core/Src/main.cpp.obj
 .debug_macro   0x0001d8a1       0x2c CMakeFiles/Pressure_Sensor_SAUVC.dir/Core/Src/main.cpp.obj
 .debug_macro   0x0001d8cd       0x18 CMakeFiles/Pressure_Sensor_SAUVC.dir/Core/Src/main.cpp.obj
 .debug_macro   0x0001d8e5       0x88 CMakeFiles/Pressure_Sensor_SAUVC.dir/Core/Src/main.cpp.obj
 .debug_macro   0x0001d96d       0x12 CMakeFiles/Pressure_Sensor_SAUVC.dir/Core/Src/main.cpp.obj
 .debug_macro   0x0001d97f       0x1c CMakeFiles/Pressure_Sensor_SAUVC.dir/Core/Src/main.cpp.obj
 .debug_macro   0x0001d99b       0x2e CMakeFiles/Pressure_Sensor_SAUVC.dir/Core/Src/main.cpp.obj
 .debug_macro   0x0001d9c9      0x7da CMakeFiles/Pressure_Sensor_SAUVC.dir/Core/Src/main.cpp.obj
 .debug_macro   0x0001e1a3       0x17 CMakeFiles/Pressure_Sensor_SAUVC.dir/Core/Src/main.cpp.obj
 .debug_macro   0x0001e1ba       0x10 CMakeFiles/Pressure_Sensor_SAUVC.dir/Core/Src/main.cpp.obj
 .debug_macro   0x0001e1ca      0x7a9 CMakeFiles/Pressure_Sensor_SAUVC.dir/Core/Src/main.cpp.obj
 .debug_macro   0x0001e973       0x12 CMakeFiles/Pressure_Sensor_SAUVC.dir/Core/Src/main.cpp.obj
 .debug_macro   0x0001e985      0x79b CMakeFiles/Pressure_Sensor_SAUVC.dir/Core/Src/main.cpp.obj
 .debug_macro   0x0001f120       0x1c CMakeFiles/Pressure_Sensor_SAUVC.dir/Core/Src/main.cpp.obj
 .debug_macro   0x0001f13c       0x16 CMakeFiles/Pressure_Sensor_SAUVC.dir/Core/Src/main.cpp.obj
 .debug_macro   0x0001f152      0x11c CMakeFiles/Pressure_Sensor_SAUVC.dir/Core/Src/main.cpp.obj
 .debug_macro   0x0001f26e      0x11d CMakeFiles/Pressure_Sensor_SAUVC.dir/Core/Src/main.cpp.obj
 .debug_macro   0x0001f38b       0x10 CMakeFiles/Pressure_Sensor_SAUVC.dir/Core/Src/main.cpp.obj
 .debug_macro   0x0001f39b      0x242 CMakeFiles/Pressure_Sensor_SAUVC.dir/Core/Src/main.cpp.obj
 .debug_macro   0x0001f5dd       0x12 CMakeFiles/Pressure_Sensor_SAUVC.dir/Core/Src/main.cpp.obj
 .debug_macro   0x0001f5ef       0x18 CMakeFiles/Pressure_Sensor_SAUVC.dir/Core/Src/main.cpp.obj
 .debug_macro   0x0001f607       0x34 CMakeFiles/Pressure_Sensor_SAUVC.dir/Core/Src/main.cpp.obj
 .debug_macro   0x0001f63b      0x7bd CMakeFiles/Pressure_Sensor_SAUVC.dir/Core/Src/main.cpp.obj
 .debug_macro   0x0001fdf8       0x28 CMakeFiles/Pressure_Sensor_SAUVC.dir/Core/Src/main.cpp.obj
 .debug_macro   0x0001fe20      0x780 CMakeFiles/Pressure_Sensor_SAUVC.dir/Core/Src/main.cpp.obj
 .debug_macro   0x000205a0      0x772 CMakeFiles/Pressure_Sensor_SAUVC.dir/Core/Src/main.cpp.obj
 .debug_macro   0x00020d12       0x2e CMakeFiles/Pressure_Sensor_SAUVC.dir/Core/Src/main.cpp.obj
 .debug_macro   0x00020d40      0x795 CMakeFiles/Pressure_Sensor_SAUVC.dir/Core/Src/main.cpp.obj
 .debug_macro   0x000214d5       0x17 CMakeFiles/Pressure_Sensor_SAUVC.dir/Core/Src/main.cpp.obj
 .debug_macro   0x000214ec       0x17 CMakeFiles/Pressure_Sensor_SAUVC.dir/Core/Src/main.cpp.obj
 .debug_macro   0x00021503       0x10 CMakeFiles/Pressure_Sensor_SAUVC.dir/Core/Src/main.cpp.obj
 .debug_macro   0x00021513       0x10 CMakeFiles/Pressure_Sensor_SAUVC.dir/Core/Src/main.cpp.obj
 .debug_macro   0x00021523       0x76 CMakeFiles/Pressure_Sensor_SAUVC.dir/Core/Src/main.cpp.obj
 .debug_macro   0x00021599       0x1c CMakeFiles/Pressure_Sensor_SAUVC.dir/Core/Src/main.cpp.obj
 .debug_macro   0x000215b5      0x74f CMakeFiles/Pressure_Sensor_SAUVC.dir/Core/Src/main.cpp.obj
 .debug_macro   0x00021d04       0x10 CMakeFiles/Pressure_Sensor_SAUVC.dir/Core/Src/main.cpp.obj
 .debug_macro   0x00021d14       0x1e CMakeFiles/Pressure_Sensor_SAUVC.dir/Core/Src/main.cpp.obj
 .debug_macro   0x00021d32       0x17 CMakeFiles/Pressure_Sensor_SAUVC.dir/Core/Src/main.cpp.obj
 .debug_macro   0x00021d49       0x2d CMakeFiles/Pressure_Sensor_SAUVC.dir/Core/Src/main.cpp.obj
 .debug_macro   0x00021d76       0x26 CMakeFiles/Pressure_Sensor_SAUVC.dir/Core/Src/main.cpp.obj
 .debug_macro   0x00021d9c       0x22 CMakeFiles/Pressure_Sensor_SAUVC.dir/Core/Src/main.cpp.obj
 .debug_macro   0x00021dbe      0x75c CMakeFiles/Pressure_Sensor_SAUVC.dir/Core/Src/main.cpp.obj
 .debug_macro   0x0002251a      0x742 CMakeFiles/Pressure_Sensor_SAUVC.dir/Core/Src/main.cpp.obj
 .debug_macro   0x00022c5c       0x10 CMakeFiles/Pressure_Sensor_SAUVC.dir/Core/Src/main.cpp.obj
 .debug_macro   0x00022c6c      0x750 CMakeFiles/Pressure_Sensor_SAUVC.dir/Core/Src/main.cpp.obj
 .debug_macro   0x000233bc       0x10 CMakeFiles/Pressure_Sensor_SAUVC.dir/Core/Src/main.cpp.obj
 .debug_macro   0x000233cc      0x73b CMakeFiles/Pressure_Sensor_SAUVC.dir/Core/Src/main.cpp.obj
 .debug_macro   0x00023b07       0x1c CMakeFiles/Pressure_Sensor_SAUVC.dir/Core/Src/main.cpp.obj
 .debug_macro   0x00023b23      0x73b CMakeFiles/Pressure_Sensor_SAUVC.dir/Core/Src/main.cpp.obj
 .debug_macro   0x0002425e       0x22 CMakeFiles/Pressure_Sensor_SAUVC.dir/Core/Src/main.cpp.obj
 .debug_macro   0x00024280      0x72d CMakeFiles/Pressure_Sensor_SAUVC.dir/Core/Src/main.cpp.obj
 .debug_macro   0x000249ad       0x16 CMakeFiles/Pressure_Sensor_SAUVC.dir/Core/Src/main.cpp.obj
 .debug_macro   0x000249c3      0x718 CMakeFiles/Pressure_Sensor_SAUVC.dir/Core/Src/main.cpp.obj
 .debug_macro   0x000250db       0x12 CMakeFiles/Pressure_Sensor_SAUVC.dir/Core/Src/main.cpp.obj
 .debug_macro   0x000250ed       0x16 CMakeFiles/Pressure_Sensor_SAUVC.dir/Core/Src/main.cpp.obj
 .debug_macro   0x00025103      0x711 CMakeFiles/Pressure_Sensor_SAUVC.dir/Core/Src/main.cpp.obj
 .debug_macro   0x00025814       0x10 CMakeFiles/Pressure_Sensor_SAUVC.dir/Core/Src/main.cpp.obj
 .debug_macro   0x00025824      0x70a CMakeFiles/Pressure_Sensor_SAUVC.dir/Core/Src/main.cpp.obj
 .debug_macro   0x00025f2e       0x16 CMakeFiles/Pressure_Sensor_SAUVC.dir/Core/Src/main.cpp.obj
 .debug_macro   0x00025f44      0x703 CMakeFiles/Pressure_Sensor_SAUVC.dir/Core/Src/main.cpp.obj
 .debug_macro   0x00026647       0x3c CMakeFiles/Pressure_Sensor_SAUVC.dir/Core/Src/main.cpp.obj
 .debug_macro   0x00026683       0x11 CMakeFiles/Pressure_Sensor_SAUVC.dir/Core/Src/main.cpp.obj
 .debug_macro   0x00026694       0x12 CMakeFiles/Pressure_Sensor_SAUVC.dir/Core/Src/main.cpp.obj
 .debug_macro   0x000266a6       0x23 CMakeFiles/Pressure_Sensor_SAUVC.dir/Core/Src/main.cpp.obj
 .debug_macro   0x000266c9      0x6f5 CMakeFiles/Pressure_Sensor_SAUVC.dir/Core/Src/main.cpp.obj
 .debug_macro   0x00026dbe       0x16 CMakeFiles/Pressure_Sensor_SAUVC.dir/Core/Src/main.cpp.obj
 .debug_macro   0x00026dd4       0x8e CMakeFiles/Pressure_Sensor_SAUVC.dir/Core/Src/main.cpp.obj
 .debug_macro   0x00026e62       0x46 CMakeFiles/Pressure_Sensor_SAUVC.dir/Core/Src/main.cpp.obj
 .debug_macro   0x00026ea8      0x726 CMakeFiles/Pressure_Sensor_SAUVC.dir/Core/Src/main.cpp.obj
 .debug_macro   0x000275ce      0x6c4 CMakeFiles/Pressure_Sensor_SAUVC.dir/Core/Src/main.cpp.obj
 .debug_macro   0x00027c92       0x16 CMakeFiles/Pressure_Sensor_SAUVC.dir/Core/Src/main.cpp.obj
 .debug_macro   0x00027ca8       0x7c CMakeFiles/Pressure_Sensor_SAUVC.dir/Core/Src/main.cpp.obj
 .debug_macro   0x00027d24       0x17 CMakeFiles/Pressure_Sensor_SAUVC.dir/Core/Src/main.cpp.obj
 .debug_macro   0x00027d3b       0xee CMakeFiles/Pressure_Sensor_SAUVC.dir/Core/Src/main.cpp.obj
 .debug_macro   0x00027e29       0x1c CMakeFiles/Pressure_Sensor_SAUVC.dir/Core/Src/main.cpp.obj
 .debug_macro   0x00027e45      0x194 CMakeFiles/Pressure_Sensor_SAUVC.dir/Core/Src/main.cpp.obj
 .debug_macro   0x00027fd9       0x1c CMakeFiles/Pressure_Sensor_SAUVC.dir/Core/Src/main.cpp.obj
 .debug_macro   0x00027ff5      0x6d2 CMakeFiles/Pressure_Sensor_SAUVC.dir/Core/Src/main.cpp.obj
 .debug_macro   0x000286c7      0x4f5 CMakeFiles/Pressure_Sensor_SAUVC.dir/Core/Src/main.cpp.obj
 .debug_macro   0x00028bbc       0x16 CMakeFiles/Pressure_Sensor_SAUVC.dir/Core/Src/main.cpp.obj
 .debug_macro   0x00028bd2      0x6c4 CMakeFiles/Pressure_Sensor_SAUVC.dir/Core/Src/main.cpp.obj
 .debug_macro   0x00029296       0x11 CMakeFiles/Pressure_Sensor_SAUVC.dir/Core/Src/main.cpp.obj
 .debug_macro   0x000292a7       0x17 CMakeFiles/Pressure_Sensor_SAUVC.dir/Core/Src/main.cpp.obj
 .debug_macro   0x000292be       0x17 CMakeFiles/Pressure_Sensor_SAUVC.dir/Core/Src/main.cpp.obj
 .debug_macro   0x000292d5       0x17 CMakeFiles/Pressure_Sensor_SAUVC.dir/Core/Src/main.cpp.obj
 .debug_macro   0x000292ec       0x17 CMakeFiles/Pressure_Sensor_SAUVC.dir/Core/Src/main.cpp.obj
 .debug_macro   0x00029303       0x17 CMakeFiles/Pressure_Sensor_SAUVC.dir/Core/Src/main.cpp.obj
 .debug_macro   0x0002931a       0x17 CMakeFiles/Pressure_Sensor_SAUVC.dir/Core/Src/main.cpp.obj
 .debug_macro   0x00029331      0x6af CMakeFiles/Pressure_Sensor_SAUVC.dir/Core/Src/main.cpp.obj
 .debug_macro   0x000299e0       0x28 CMakeFiles/Pressure_Sensor_SAUVC.dir/Core/Src/main.cpp.obj
 .debug_macro   0x00029a08       0xce CMakeFiles/Pressure_Sensor_SAUVC.dir/Core/Src/main.cpp.obj

.debug_line     0x00000000     0x20ad
 .debug_line    0x00000000     0x20ad CMakeFiles/Pressure_Sensor_SAUVC.dir/Core/Src/main.cpp.obj

.debug_str      0x00000000    0xac295
 .debug_str     0x00000000    0xac295 CMakeFiles/Pressure_Sensor_SAUVC.dir/Core/Src/main.cpp.obj
                              0xad201 (size before relaxing)

.debug_frame    0x00000000      0x56c
 .debug_frame   0x00000000      0x56c CMakeFiles/Pressure_Sensor_SAUVC.dir/Core/Src/main.cpp.obj
